Component: Arm Compiler for Embedded 6.21 Tool: armlink [5ec1fa00]

==============================================================================

Section Cross References

    mlx90640_i2c_driver.o(.text.MLX90640_I2CInit) refers to i2c.o(.text.MX_I2C4_Init) for MX_I2C4_Init
    mlx90640_i2c_driver.o(.ARM.exidx.text.MLX90640_I2CInit) refers to mlx90640_i2c_driver.o(.text.MLX90640_I2CInit) for [Anonymous Symbol]
    mlx90640_i2c_driver.o(.text.MLX90640_I2CRead) refers to i2c.o(.bss.hi2c4) for hi2c4
    mlx90640_i2c_driver.o(.text.MLX90640_I2CRead) refers to stm32h7xx_hal_i2c.o(.text.HAL_I2C_Mem_Read) for HAL_I2C_Mem_Read
    mlx90640_i2c_driver.o(.ARM.exidx.text.MLX90640_I2CRead) refers to mlx90640_i2c_driver.o(.text.MLX90640_I2CRead) for [Anonymous Symbol]
    mlx90640_i2c_driver.o(.text.MLX90640_I2CWrite) refers to i2c.o(.bss.hi2c4) for hi2c4
    mlx90640_i2c_driver.o(.text.MLX90640_I2CWrite) refers to stm32h7xx_hal_i2c.o(.text.HAL_I2C_Mem_Write) for HAL_I2C_Mem_Write
    mlx90640_i2c_driver.o(.text.MLX90640_I2CWrite) refers to mlx90640_i2c_driver.o(.bss._ZZ17MLX90640_I2CWriteE9dataCheck) for MLX90640_I2CWrite::dataCheck
    mlx90640_i2c_driver.o(.text.MLX90640_I2CWrite) refers to stm32h7xx_hal_i2c.o(.text.HAL_I2C_Mem_Read) for HAL_I2C_Mem_Read
    mlx90640_i2c_driver.o(.ARM.exidx.text.MLX90640_I2CWrite) refers to mlx90640_i2c_driver.o(.text.MLX90640_I2CWrite) for [Anonymous Symbol]
    startup_stm32h743xx.o(STACK) refers (Special) to heapauxi.o(.text) for __use_two_region_memory
    startup_stm32h743xx.o(HEAP) refers (Special) to heapauxi.o(.text) for __use_two_region_memory
    startup_stm32h743xx.o(RESET) refers (Special) to heapauxi.o(.text) for __use_two_region_memory
    startup_stm32h743xx.o(RESET) refers to startup_stm32h743xx.o(STACK) for __initial_sp
    startup_stm32h743xx.o(RESET) refers to startup_stm32h743xx.o(.text) for Reset_Handler
    startup_stm32h743xx.o(RESET) refers to stm32h7xx_it.o(.text.NMI_Handler) for NMI_Handler
    startup_stm32h743xx.o(RESET) refers to stm32h7xx_it.o(.text.HardFault_Handler) for HardFault_Handler
    startup_stm32h743xx.o(RESET) refers to stm32h7xx_it.o(.text.MemManage_Handler) for MemManage_Handler
    startup_stm32h743xx.o(RESET) refers to stm32h7xx_it.o(.text.BusFault_Handler) for BusFault_Handler
    startup_stm32h743xx.o(RESET) refers to stm32h7xx_it.o(.text.UsageFault_Handler) for UsageFault_Handler
    startup_stm32h743xx.o(RESET) refers to stm32h7xx_it.o(.text.SVC_Handler) for SVC_Handler
    startup_stm32h743xx.o(RESET) refers to stm32h7xx_it.o(.text.DebugMon_Handler) for DebugMon_Handler
    startup_stm32h743xx.o(RESET) refers to stm32h7xx_it.o(.text.PendSV_Handler) for PendSV_Handler
    startup_stm32h743xx.o(RESET) refers to stm32h7xx_it.o(.text.SysTick_Handler) for SysTick_Handler
    startup_stm32h743xx.o(.text) refers (Special) to heapauxi.o(.text) for __use_two_region_memory
    startup_stm32h743xx.o(.text) refers to system_stm32h7xx.o(.text.SystemInit) for SystemInit
    startup_stm32h743xx.o(.text) refers to __main.o(!!!main) for __main
    startup_stm32h743xx.o(.text) refers to startup_stm32h743xx.o(HEAP) for Heap_Mem
    startup_stm32h743xx.o(.text) refers to startup_stm32h743xx.o(STACK) for Stack_Mem
    mlx90640_api.o(.text.MLX90640_DumpEE) refers to mlx90640_i2c_driver.o(.text.MLX90640_I2CRead) for MLX90640_I2CRead
    mlx90640_api.o(.ARM.exidx.text.MLX90640_DumpEE) refers to mlx90640_api.o(.text.MLX90640_DumpEE) for [Anonymous Symbol]
    mlx90640_api.o(.text.MLX90640_GetFrameData) refers to mlx90640_i2c_driver.o(.text.MLX90640_I2CRead) for MLX90640_I2CRead
    mlx90640_api.o(.text.MLX90640_GetFrameData) refers to mlx90640_i2c_driver.o(.text.MLX90640_I2CWrite) for MLX90640_I2CWrite
    mlx90640_api.o(.ARM.exidx.text.MLX90640_GetFrameData) refers to mlx90640_api.o(.text.MLX90640_GetFrameData) for [Anonymous Symbol]
    mlx90640_api.o(.text.MLX90640_ExtractParameters) refers to mlx90640_api.o(.text._Z19ExtractCPParametersPtP14paramsMLX90640) for ExtractCPParameters(unsigned short*, paramsMLX90640*)
    mlx90640_api.o(.text.MLX90640_ExtractParameters) refers to mlx90640_api.o(.text._Z22ExtractAlphaParametersPtP14paramsMLX90640) for ExtractAlphaParameters(unsigned short*, paramsMLX90640*)
    mlx90640_api.o(.text.MLX90640_ExtractParameters) refers to mlx90640_api.o(.text._Z23ExtractOffsetParametersPtP14paramsMLX90640) for ExtractOffsetParameters(unsigned short*, paramsMLX90640*)
    mlx90640_api.o(.text.MLX90640_ExtractParameters) refers to mlx90640_api.o(.text._Z25ExtractKtaPixelParametersPtP14paramsMLX90640) for ExtractKtaPixelParameters(unsigned short*, paramsMLX90640*)
    mlx90640_api.o(.text.MLX90640_ExtractParameters) refers to mlx90640_api.o(.text._Z24ExtractKvPixelParametersPtP14paramsMLX90640) for ExtractKvPixelParameters(unsigned short*, paramsMLX90640*)
[...]
    [Anonymous Symbol]                       0x08002c00   Section        0  stm32h7xx_it.o(.text.SysTick_Handler)
    [Anonymous Symbol]                       0x08002c08   Section        0  stm32h7xx_hal_uart.o(.text.UART_AdvFeatureConfig)
    [Anonymous Symbol]                       0x08002ce8   Section        0  stm32h7xx_hal_uart.o(.text.UART_WaitOnFlagUntilTimeout)
    [Anonymous Symbol]                       0x08002de8   Section        0  mlx90640_api.o(.text._Z19ExtractCPParametersPtP14paramsMLX90640)
    [Anonymous Symbol]                       0x08002f58   Section        0  mlx90640_api.o(.text._Z22ExtractAlphaParametersPtP14paramsMLX90640)
    __arm_cp.11_3                            0x0800376c   Number         4  mlx90640_api.o(.text._Z22ExtractAlphaParametersPtP14paramsMLX90640)
    __arm_cp.11_4                            0x08003770   Number         4  mlx90640_api.o(.text._Z22ExtractAlphaParametersPtP14paramsMLX90640)
    __arm_cp.11_5                            0x0800390c   Number         4  mlx90640_api.o(.text._Z22ExtractAlphaParametersPtP14paramsMLX90640)
    [Anonymous Symbol]                       0x08003970   Section        0  mlx90640_api.o(.text._Z22ExtractDeviatingPixelsPtP14paramsMLX90640)
    [Anonymous Symbol]                       0x08003bf8   Section        0  usart.o(.text._sys_exit)
    [Anonymous Symbol]                       0x08003c00   Section        0  usart.o(.text.fputc)
    CL$$btod_d2e                             0x08003c20   Section       62  btod.o(CL$$btod_d2e)
    CL$$btod_d2e_denorm_low                  0x08003c5e   Section       70  btod.o(CL$$btod_d2e_denorm_low)
    CL$$btod_d2e_norm_op1                    0x08003ca4   Section       96  btod.o(CL$$btod_d2e_norm_op1)
    CL$$btod_ediv                            0x08003d04   Section       42  btod.o(CL$$btod_ediv)
    i.__mathlib_dbl_underflow                0x08003d30   Section        0  dunder.o(i.__mathlib_dbl_underflow)
    i._is_digit                              0x08003d48   Section        0  __printf_wp.o(i._is_digit)
    locale$$code                             0x08003d58   Section       44  lc_numeric_c.o(locale$$code)
    $v0                                      0x08003d84   Number         0  dcheck1.o(x$fpl$dcheck1)
    x$fpl$dcheck1                            0x08003d84   Section       16  dcheck1.o(x$fpl$dcheck1)
    $v0                                      0x08003d94   Number         0  fpinit.o(x$fpl$fpinit)
    x$fpl$fpinit                             0x08003d94   Section       26  fpinit.o(x$fpl$fpinit)
    $v0                                      0x08003dae   Number         0  printf1.o(x$fpl$printf1)
    x$fpl$printf1                            0x08003dae   Section        4  printf1.o(x$fpl$printf1)
    $v0                                      0x08003db2   Number         0  retnan.o(x$fpl$retnan)
    x$fpl$retnan                             0x08003db2   Section      100  retnan.o(x$fpl$retnan)
    $v0                                      0x08003e16   Number         0  trapv.o(x$fpl$trapveneer)
    x$fpl$trapveneer                         0x08003e16   Section       48  trapv.o(x$fpl$trapveneer)
    x$fpl$usenofp                            0x08003e46   Section        0  usenofp.o(x$fpl$usenofp)
    tenpwrs_x                                0x08003e48   Data          60  bigflt0.o(.constdata)
    .constdata                               0x08003e48   Section      148  bigflt0.o(.constdata)
    tenpwrs_i                                0x08003e84   Data          64  bigflt0.o(.constdata)
    .Lswitch.table.UART_SetConfig.5          0x08003edc   Data           6  stm32h7xx_hal_uart.o(.rodata..Lswitch.table.UART_SetConfig.5)
    .L__const.UARTEx_SetNbDataToProcess.numerator 0x08003ee2   Data           8  stm32h7xx_hal_uart_ex.o(.rodata.cst8)
    .L__const.UARTEx_SetNbDataToProcess.denominator 0x08003eea   Data           8  stm32h7xx_hal_uart_ex.o(.rodata.cst8)
    .ARM.Collect$$libshutdown$$00000000      0x08100000   Section        2  libshutdown.o(.ARM.Collect$$libshutdown$$00000000)
    .ARM.Collect$$libshutdown$$00000002      0x08100002   Section        0  libshutdown2.o(.ARM.Collect$$libshutdown$$00000002)
    .ARM.Collect$$libshutdown$$00000004      0x08100002   Section        0  libshutdown2.o(.ARM.Collect$$libshutdown$$00000004)
    .ARM.Collect$$libshutdown$$00000007      0x08100002   Section        0  libshutdown2.o(.ARM.Collect$$libshutdown$$00000007)
    .ARM.Collect$$libshutdown$$0000000A      0x08100002   Section        0  libshutdown2.o(.ARM.Collect$$libshutdown$$0000000A)
    .ARM.Collect$$libshutdown$$0000000C      0x08100002   Section        0  libshutdown2.o(.ARM.Collect$$libshutdown$$0000000C)
    .ARM.Collect$$libshutdown$$0000000F      0x08100002   Section        0  libshutdown2.o(.ARM.Collect$$libshutdown$$0000000F)
    .ARM.Collect$$libshutdown$$00000010      0x08100002   Section        2  libshutdown2.o(.ARM.Collect$$libshutdown$$00000010)
    .ARM.Collect$$rtentry$$00000000          0x08100004   Section        0  __rtentry.o(.ARM.Collect$$rtentry$$00000000)
    .ARM.Collect$$rtentry$$00000002          0x08100004   Section        0  __rtentry2.o(.ARM.Collect$$rtentry$$00000002)
    .ARM.Collect$$rtentry$$00000004          0x08100004   Section        6  __rtentry4.o(.ARM.Collect$$rtentry$$00000004)
    .ARM.Collect$$rtentry$$00000009          0x0810000a   Section        0  __rtentry2.o(.ARM.Collect$$rtentry$$00000009)
    .ARM.Collect$$rtentry$$0000000A          0x0810000a   Section        4  __rtentry2.o(.ARM.Collect$$rtentry$$0000000A)
    .ARM.Collect$$rtentry$$0000000C          0x0810000e   Section        0  __rtentry2.o(.ARM.Collect$$rtentry$$0000000C)
    .ARM.Collect$$rtentry$$0000000D          0x0810000e   Section        8  __rtentry2.o(.ARM.Collect$$rtentry$$0000000D)
    .ARM.Collect$$rtexit$$00000000           0x08100016   Section        2  rtexit.o(.ARM.Collect$$rtexit$$00000000)
    .ARM.Collect$$rtexit$$00000002           0x08100018   Section        0  rtexit2.o(.ARM.Collect$$rtexit$$00000002)
    .ARM.Collect$$rtexit$$00000003           0x08100018   Section        4  rtexit2.o(.ARM.Collect$$rtexit$$00000003)
    .ARM.Collect$$rtexit$$00000004           0x0810001c   Section        6  rtexit2.o(.ARM.Collect$$rtexit$$00000004)
    $v0                                      0x08100024   Number         0  startup_stm32h743xx.o(.text)
    .text                                    0x08100024   Section       64  startup_stm32h743xx.o(.text)
    .text                                    0x08100064   Section        2  use_no_semi_2.o(.text)
    .text                                    0x08100066   Section      240  lludivv7m.o(.text)
    .text                                    0x08100156   Section        0  __printf_wp.o(.text)
    .text                                    0x08100264   Section        0  puts.o(.text)
    .text                                    0x08100290   Section       78  rt_memclr_w.o(.text)
    .text                                    0x081002de   Section        0  heapauxi.o(.text)
    .text                                    0x081002e4   Section        0  _rserrno.o(.text)
    .text                                    0x081002fa   Section        0  _printf_intcommon.o(.text)
    .text                                    0x081003ac   Section        8  rt_errno_addr_intlibspace.o(.text)
    .text                                    0x081003b4   Section        0  _printf_fp_infnan.o(.text)
    .text                                    0x08100434   Section        8  libspace.o(.text)
    .text                                    0x0810043c   Section       74  sys_stackheap_outer.o(.text)
    .text                                    0x08100488   Section      124  strcmpv7m_pel.o(.text)
    [Anonymous Symbol]                       0x08100508   Section        0  stm32h7xx_it.o(.text.DebugMon_Handler)
    [Anonymous Symbol]                       0x08100510   Section        0  main.o(.text.Error_Handler)
    [Anonymous Symbol]                       0x08100518   Section        0  stm32h7xx_hal.o(.text.HAL_GetREVID)
    [Anonymous Symbol]                       0x08100528   Section        0  stm32h7xx_hal.o(.text.HAL_GetTick)
    [Anonymous Symbol]                       0x08100538   Section        0  stm32h7xx_hal_i2c_ex.o(.text.HAL_I2CEx_ConfigAnalogFilter)
    [Anonymous Symbol]                       0x08100588   Section        0  stm32h7xx_hal_i2c.o(.text.HAL_I2C_Init)
    [Anonymous Symbol]                       0x08100630   Section        0  stm32h7xx_hal_i2c.o(.text.HAL_I2C_Mem_Read)
    [Anonymous Symbol]                       0x08100890   Section        0  stm32h7xx_hal.o(.text.HAL_IncTick)
    [Anonymous Symbol]                       0x081008b0   Section        0  stm32h7xx_hal.o(.text.HAL_Init)
    [Anonymous Symbol]                       0x08100918   Section        0  stm32h7xx_hal_msp.o(.text.HAL_MspInit)
    [Anonymous Symbol]                       0x08100938   Section        0  stm32h7xx_hal_pwr_ex.o(.text.HAL_PWREx_ConfigSupply)
    [Anonymous Symbol]                       0x08100988   Section        0  stm32h7xx_hal_rcc_ex.o(.text.HAL_RCCEx_GetD3PCLK1Freq)
    [Anonymous Symbol]                       0x081009b0   Section        0  stm32h7xx_hal_rcc_ex.o(.text.HAL_RCCEx_GetPLL2ClockFreq)
    [Anonymous Symbol]                       0x08100ae0   Section        0  stm32h7xx_hal_rcc_ex.o(.text.HAL_RCCEx_PeriphCLKConfig)
    [Anonymous Symbol]                       0x08101720   Section        0  stm32h7xx_hal_rcc.o(.text.HAL_RCC_GetPCLK2Freq)
    [Anonymous Symbol]                       0x08101780   Section        0  stm32h7xx_hal_rcc.o(.text.HAL_RCC_GetSysClockFreq)
    [Anonymous Symbol]                       0x08101898   Section        0  stm32h7xx_hal_cortex.o(.text.HAL_SYSTICK_Config)
    [Anonymous Symbol]                       0x081018c8   Section        0  stm32h7xx_hal_uart_ex.o(.text.HAL_UARTEx_DisableFifoMode)
    [Anonymous Symbol]                       0x08101900   Section        0  stm32h7xx_hal_uart_ex.o(.text.HAL_UARTEx_SetRxFifoThreshold)
    [Anonymous Symbol]                       0x08101990   Section        0  stm32h7xx_hal_uart.o(.text.HAL_UART_Init)
    [Anonymous Symbol]                       0x081019f8   Section        0  usart.o(.text.HAL_UART_MspInit)
    [Anonymous Symbol]                       0x08101a60   Section        0  mlx90640_api.o(.text.MLX90640_DumpEE)
    [Anonymous Symbol]                       0x08101a70   Section        0  mlx90640_api.o(.text.MLX90640_GetFrameData)
    [Anonymous Symbol]                       0x08101c10   Section        0  mlx90640_api.o(.text.MLX90640_GetVdd)
    [Anonymous Symbol]                       0x08101c98   Section        0  mlx90640_i2c_driver.o(.text.MLX90640_I2CWrite)
    [Anonymous Symbol]                       0x08101d28   Section        0  mlx90640_api.o(.text.MLX90640_SetChessMode)
    [Anonymous Symbol]                       0x08101d60   Section        0  gpio.o(.text.MX_GPIO_Init)
    [Anonymous Symbol]                       0x08101da8   Section        0  i2c.o(.text.MX_I2C4_Init)
    [Anonymous Symbol]                       0x08101e18   Section        0  stm32h7xx_it.o(.text.MemManage_Handler)
    [Anonymous Symbol]                       0x08101e20   Section        0  stm32h7xx_it.o(.text.NMI_Handler)
    RCCEx_PLL2_Config                        0x08101e29   Thumb Code   290  stm32h7xx_hal_rcc_ex.o(.text.RCCEx_PLL2_Config)
    [Anonymous Symbol]                       0x08101e28   Section        0  stm32h7xx_hal_rcc_ex.o(.text.RCCEx_PLL2_Config)
    [Anonymous Symbol]                       0x08101f50   Section        0  main.o(.text.SystemClock_Config)
    [Anonymous Symbol]                       0x08102030   Section        0  system_stm32h7xx.o(.text.SystemInit)
    [Anonymous Symbol]                       0x08102110   Section        0  stm32h7xx_hal_uart.o(.text.UART_CheckIdleState)
    [Anonymous Symbol]                       0x08102200   Section        0  stm32h7xx_hal_uart.o(.text.UART_SetConfig)
    [Anonymous Symbol]                       0x08102680   Section        0  stm32h7xx_it.o(.text.UsageFault_Handler)
    [Anonymous Symbol]                       0x08102688   Section        0  mlx90640_api.o(.text._Z23ExtractOffsetParametersPtP14paramsMLX90640)
    [Anonymous Symbol]                       0x08102ec0   Section        0  mlx90640_api.o(.text._Z24ExtractKvPixelParametersPtP14paramsMLX90640)
    [Anonymous Symbol]                       0x08103130   Section        0  mlx90640_api.o(.text._Z25ExtractKtaPixelParametersPtP14paramsMLX90640)
    [Anonymous Symbol]                       0x081033b8   Section        0  main.o(.text.main)
    CL$$btod_div_common                      0x081035c8   Section      824  btod.o(CL$$btod_div_common)
    CL$$btod_e2e                             0x08103900   Section      220  btod.o(CL$$btod_e2e)
    CL$$btod_emul                            0x081039dc   Section       42  btod.o(CL$$btod_emul)
    CL$$btod_mult_common                     0x08103a06   Section      580  btod.o(CL$$btod_mult_common)
    i.__ARM_fpclassify                       0x08103c50   Section        0  fpclassify.o(i.__ARM_fpclassify)
    i.__hardfp_ldexp                         0x08103c80   Section        0  ldexp.o(i.__hardfp_ldexp)
    i.__mathlib_dbl_overflow                 0x08103d30   Section        0  dunder.o(i.__mathlib_dbl_overflow)
    $v0                                      0x08103d48   Number         0  scalbn.o(x$fpl$scalbn)
    x$fpl$scalbn                             0x08103d48   Section       92  scalbn.o(x$fpl$scalbn)
    .Lswitch.table.UART_SetConfig.7          0x08103da4   Data           6  stm32h7xx_hal_uart.o(.rodata..Lswitch.table.UART_SetConfig.7)
    .L.str.4                                 0x08103dd2   Data          21  main.o(.rodata.str1.1)
    [Anonymous Symbol]                       0x08103dd2   Section        0  main.o(.rodata.str1.1)
    .L.str.5                                 0x08103de7   Data          18  main.o(.rodata.str1.1)
    .Lstr.13                                 0x08103df9   Data          65  main.o(.rodata.str1.1)
    .L.str.9                                 0x08103e3a   Data           7  main.o(.rodata.str1.1)
    locale$$data                             0x08103e44   Section       28  lc_numeric_c.o(locale$$data)
    __lcnum_c_name                           0x08103e48   Data           2  lc_numeric_c.o(locale$$data)
    __lcnum_c_start                          0x08103e50   Data           0  lc_numeric_c.o(locale$$data)
    __lcnum_c_point                          0x08103e5c   Data           0  lc_numeric_c.o(locale$$data)
    __lcnum_c_thousands                      0x08103e5e   Data           0  lc_numeric_c.o(locale$$data)
    __lcnum_c_grouping                       0x08103e5f   Data           0  lc_numeric_c.o(locale$$data)
    __lcnum_c_end                            0x08103e60   Data           0  lc_numeric_c.o(locale$$data)
    .L_MergedGlobals                         0x24000000   Data           8  stm32h7xx_hal.o(.data..L_MergedGlobals)
    [Anonymous Symbol]                       0x24000000   Section        0  stm32h7xx_hal.o(.data..L_MergedGlobals)
    .L_MergedGlobals                         0x24000008   Data           8  system_stm32h7xx.o(.data..L_MergedGlobals)
    [Anonymous Symbol]                       0x24000008   Section        0  system_stm32h7xx.o(.data..L_MergedGlobals)
    .bss                                     0x24000018   Section       96  libspace.o(.bss)
    MLX90640_I2CWrite::dataCheck             0x24000078   Data           2  mlx90640_i2c_driver.o(.bss._ZZ17MLX90640_I2CWriteE9dataCheck)
    [Anonymous Symbol]                       0x24000078   Section        0  mlx90640_i2c_driver.o(.bss._ZZ17MLX90640_I2CWriteE9dataCheck)
    eeMLX90640                               0x240000d0   Data        1664  main.o(.bss.eeMLX90640)
    [Anonymous Symbol]                       0x240000d0   Section        0  main.o(.bss.eeMLX90640)
    mlx90640To                               0x24000eac   Data        3072  main.o(.bss.mlx90640To)
    [Anonymous Symbol]                       0x24000eac   Section        0  main.o(.bss.mlx90640To)
    Heap_Mem                                 0x24001ab8   Data         512  startup_stm32h743xx.o(HEAP)
    HEAP                                     0x24001ab8   Section      512  startup_stm32h743xx.o(HEAP)
    Stack_Mem                                0x24001cb8   Data        1024  startup_stm32h743xx.o(STACK)
    STACK                                    0x24001cb8   Section     1024  startup_stm32h743xx.o(STACK)
    __initial_sp                             0x240020b8   Data           0  startup_stm32h743xx.o(STACK)

    Global Symbols

    Symbol Name                              Value     Ov Type        Size  Object(Section)

    BuildAttributes$$THM_ISAv4$E$P$D$K$B$S$7EM$VFPv5_D16$PE$PLD8$A:L22UL41UL21$X:L11$S22US41US21$IEEE1$IW$~IW$USESV6$~STKCKD$USESV7$~SHL$OTIME$ROPI$IEEEX$EBA8$UX$STANDARDLIB$REQ8$PRES8$EABIv2 0x00000000   Number         0  anon$$obj.o ABSOLUTE
    _printf_flags                            0x00000000   Number         0  printf_stubs.o ABSOLUTE
    _printf_return_value                     0x00000000   Number         0  printf_stubs.o ABSOLUTE
    _printf_sizespec                         0x00000000   Number         0  printf_stubs.o ABSOLUTE
    _printf_widthprec                        0x00000000   Number         0  printf_stubs.o ABSOLUTE
    __ARM_exceptions_init                     - Undefined Weak Reference
    __alloca_initialize                       - Undefined Weak Reference
    __arm_preinit_                            - Undefined Weak Reference
    __arm_relocate_pie_                       - Undefined Weak Reference
    __cpp_initialize__aeabi_                  - Undefined Weak Reference
    __cxa_finalize                            - Undefined Weak Reference
    __sigvec_lookup                           - Undefined Weak Reference
    _atexit_init                              - Undefined Weak Reference
    _call_atexit_fns                          - Undefined Weak Reference
    _clock_init                               - Undefined Weak Reference
    _fp_trap_init                             - Undefined Weak Reference
    _fp_trap_shutdown                         - Undefined Weak Reference
    _get_lc_collate                           - Undefined Weak Reference
    _get_lc_ctype                             - Undefined Weak Reference
    _get_lc_monetary                          - Undefined Weak Reference
    _get_lc_time                              - Undefined Weak Reference
    _getenv_init                              - Undefined Weak Reference
    _handle_redirection                       - Undefined Weak Reference
    _init_alloc                               - Undefined Weak Reference
    _init_user_alloc                          - Undefined Weak Reference
    _initio                                   - Undefined Weak Reference
    _mutex_acquire                            - Undefined Weak Reference
    _mutex_release                            - Undefined Weak Reference
    _printf_truncate_signed                   - Undefined Weak Reference
    _printf_truncate_unsigned                 - Undefined Weak Reference
    _rand_init                                - Undefined Weak Reference
    _signal_finish                            - Undefined Weak Reference
    _signal_init                              - Undefined Weak Reference
    _terminate_alloc                          - Undefined Weak Reference
    _terminate_user_alloc                     - Undefined Weak Reference
    _terminateio                              - Undefined Weak Reference
    __Vectors_Size                           0x00000298   Number         0  startup_stm32h743xx.o ABSOLUTE
    __Vectors                                0x08000000   Data           4  startup_stm32h743xx.o(RESET)
    __Vectors_End                            0x08000298   Data           0  startup_stm32h743xx.o(RESET)
    __main                                   0x08000299   Thumb Code     8  __main.o(!!!main)
    __scatterload                            0x080002a1   Thumb Code     0  __scatter.o(!!!scatter)
    __scatterload_rt2                        0x080002a1   Thumb Code    84  __scatter.o(!!!scatter)
    __scatterload_rt2_thumb_only             0x080002a1   Thumb Code     0  __scatter.o(!!!scatter)
    __scatterload_loop                       0x080002ab   Thumb Code     0  __scatter.o(!!!scatter)
    __scatterload_copy                       0x080002fd   Thumb Code    26  __scatter_copy.o(!!handler_copy)
    __scatterload_null                       0x08000319   Thumb Code     2  __scatter.o(!!handler_null)
    __scatterload_zeroinit                   0x0800031d   Thumb Code    28  __scatter_zi.o(!!handler_zi)
    _printf_f                                0x08000339   Thumb Code     0  _printf_f.o(.ARM.Collect$$_printf_percent$$00000003)
    _printf_percent                          0x08000339   Thumb Code     0  _printf_percent.o(.ARM.Collect$$_printf_percent$$00000000)
    _printf_d                                0x0800033f   Thumb Code     0  _printf_d.o(.ARM.Collect$$_printf_percent$$00000009)
    _printf_percent_end                      0x08000345   Thumb Code     0  _printf_percent_end.o(.ARM.Collect$$_printf_percent$$00000017)
    __rt_lib_init                            0x08000349   Thumb Code     0  libinit.o(.ARM.Collect$$libinit$$00000000)
    __rt_lib_init_fp_1                       0x0800034b   Thumb Code     0  libinit2.o(.ARM.Collect$$libinit$$00000001)
    __rt_lib_init_heap_1                     0x0800034f   Thumb Code     0  libinit2.o(.ARM.Collect$$libinit$$0000000C)
    __rt_lib_init_lc_common                  0x0800034f   Thumb Code     0  libinit2.o(.ARM.Collect$$libinit$$00000011)
    __rt_lib_init_preinit_1                  0x0800034f   Thumb Code     0  libinit2.o(.ARM.Collect$$libinit$$00000006)
    __rt_lib_init_rand_1                     0x0800034f   Thumb Code     0  libinit2.o(.ARM.Collect$$libinit$$00000010)
    __rt_lib_init_relocate_pie_1             0x0800034f   Thumb Code     0  libinit2.o(.ARM.Collect$$libinit$$00000004)
    __rt_lib_init_user_alloc_1               0x0800034f   Thumb Code     0  libinit2.o(.ARM.Collect$$libinit$$0000000E)
    __rt_lib_init_lc_collate_1               0x08000355   Thumb Code     0  libinit2.o(.ARM.Collect$$libinit$$00000013)
    __rt_lib_init_lc_ctype_1                 0x08000355   Thumb Code     0  libinit2.o(.ARM.Collect$$libinit$$00000015)
    __rt_lib_init_lc_monetary_1              0x08000355   Thumb Code     0  libinit2.o(.ARM.Collect$$libinit$$00000017)
    __rt_lib_init_lc_numeric_2               0x08000355   Thumb Code     0  libinit2.o(.ARM.Collect$$libinit$$00000018)
    __rt_lib_init_alloca_1                   0x0800035f   Thumb Code     0  libinit2.o(.ARM.Collect$$libinit$$00000030)
    __rt_lib_init_argv_1                     0x0800035f   Thumb Code     0  libinit2.o(.ARM.Collect$$libinit$$0000002E)
    __rt_lib_init_atexit_1                   0x0800035f   Thumb Code     0  libinit2.o(.ARM.Collect$$libinit$$0000001D)
    __rt_lib_init_clock_1                    0x0800035f   Thumb Code     0  libinit2.o(.ARM.Collect$$libinit$$00000023)
    __rt_lib_init_cpp_1                      0x0800035f   Thumb Code     0  libinit2.o(.ARM.Collect$$libinit$$00000034)
    __rt_lib_init_exceptions_1               0x0800035f   Thumb Code     0  libinit2.o(.ARM.Collect$$libinit$$00000032)
    __rt_lib_init_fp_trap_1                  0x0800035f   Thumb Code     0  libinit2.o(.ARM.Collect$$libinit$$00000021)
    __rt_lib_init_getenv_1                   0x0800035f   Thumb Code     0  libinit2.o(.ARM.Collect$$libinit$$00000025)
    __rt_lib_init_lc_numeric_1               0x0800035f   Thumb Code     0  libinit2.o(.ARM.Collect$$libinit$$00000019)
    __rt_lib_init_lc_time_1                  0x0800035f   Thumb Code     0  libinit2.o(.ARM.Collect$$libinit$$0000001B)
    __rt_lib_init_return                     0x0800035f   Thumb Code     0  libinit2.o(.ARM.Collect$$libinit$$00000035)
    __rt_lib_init_signal_1                   0x0800035f   Thumb Code     0  libinit2.o(.ARM.Collect$$libinit$$0000001F)
    __rt_lib_init_stdio_1                    0x0800035f   Thumb Code     0  libinit2.o(.ARM.Collect$$libinit$$00000027)
    __2printf                                0x08000361   Thumb Code    20  noretval__2printf.o(.text)
    _printf_pre_padding                      0x08000379   Thumb Code    44  _printf_pad.o(.text)
    _printf_post_padding                     0x080003a5   Thumb Code    34  _printf_pad.o(.text)
    _printf_int_dec                          0x080003c9   Thumb Code   104  _printf_dec.o(.text)
    __I$use$semihosting                      0x08000441   Thumb Code     0  use_no_semi.o(.text)
    __use_no_semihosting_swi                 0x08000441   Thumb Code     2  use_no_semi.o(.text)
    _printf_fp_dec_real                      0x080005f3   Thumb Code   620  _printf_fp_dec.o(.text)
    _printf_char_file                        0x08000861   Thumb Code    32  _printf_char_file.o(.text)
    __rt_locale                              0x08000885   Thumb Code     8  rt_locale_intlibspace.o(.text)
    _ll_udiv10                               0x0800088d   Thumb Code   138  lludiv10.o(.text)
    _printf_char_common                      0x08000923   Thumb Code    32  _printf_char_common.o(.text)
    _btod_etento                             0x08000949   Thumb Code   224  bigflt0.o(.text)
    ferror                                   0x08000a2d   Thumb Code     8  ferror.o(.text)
    exit                                     0x08000a35   Thumb Code    18  exit.o(.text)
    BusFault_Handler                         0x08000a49   Thumb Code     2  stm32h7xx_it.o(.text.BusFault_Handler)
    HAL_GPIO_Init                            0x08000a51   Thumb Code   450  stm32h7xx_hal_gpio.o(.text.HAL_GPIO_Init)
    HAL_I2CEx_ConfigDigitalFilter            0x08000c19   Thumb Code    72  stm32h7xx_hal_i2c_ex.o(.text.HAL_I2CEx_ConfigDigitalFilter)
    HAL_I2CEx_EnableFastModePlus             0x08000c61   Thumb Code    46  stm32h7xx_hal_i2c_ex.o(.text.HAL_I2CEx_EnableFastModePlus)
    HAL_I2C_Mem_Write                        0x08000c91   Thumb Code   532  stm32h7xx_hal_i2c.o(.text.HAL_I2C_Mem_Write)
    HAL_I2C_MspInit                          0x08000ea9   Thumb Code   104  i2c.o(.text.HAL_I2C_MspInit)
    HAL_InitTick                             0x08000f11   Thumb Code    76  stm32h7xx_hal.o(.text.HAL_InitTick)
    HAL_NVIC_SetPriority                     0x08000f61   Thumb Code    90  stm32h7xx_hal_cortex.o(.text.HAL_NVIC_SetPriority)
    HAL_NVIC_SetPriorityGrouping             0x08000fc1   Thumb Code    32  stm32h7xx_hal_cortex.o(.text.HAL_NVIC_SetPriorityGrouping)
    HAL_RCCEx_GetPLL3ClockFreq               0x08000fe1   Thumb Code   284  stm32h7xx_hal_rcc_ex.o(.text.HAL_RCCEx_GetPLL3ClockFreq)
    HAL_RCC_ClockConfig                      0x08001111   Thumb Code   616  stm32h7xx_hal_rcc.o(.text.HAL_RCC_ClockConfig)
    HAL_RCC_GetHCLKFreq                      0x08001379   Thumb Code    76  stm32h7xx_hal_rcc.o(.text.HAL_RCC_GetHCLKFreq)
    HAL_RCC_GetPCLK1Freq                     0x080013c9   Thumb Code    96  stm32h7xx_hal_rcc.o(.text.HAL_RCC_GetPCLK1Freq)
    HAL_RCC_OscConfig                        0x08001429   Thumb Code  1276  stm32h7xx_hal_rcc.o(.text.HAL_RCC_OscConfig)
    HAL_UARTEx_SetTxFifoThreshold            0x08001929   Thumb Code   144  stm32h7xx_hal_uart_ex.o(.text.HAL_UARTEx_SetTxFifoThreshold)
    HAL_UART_Transmit                        0x080019b9   Thumb Code   218  stm32h7xx_hal_uart.o(.text.HAL_UART_Transmit)
    HardFault_Handler                        0x08001a99   Thumb Code     2  stm32h7xx_it.o(.text.HardFault_Handler)
    MLX90640_BadPixelsCorrection             0x08001de9   Thumb Code   594  mlx90640_api.o(.text.MLX90640_BadPixelsCorrection)
    MLX90640_CalculateTo                     0x08002041   Thumb Code  1356  mlx90640_api.o(.text.MLX90640_CalculateTo)
    MLX90640_ExtractParameters               0x080025a1   Thumb Code   696  mlx90640_api.o(.text.MLX90640_ExtractParameters)
    MLX90640_GetTa                           0x08002881   Thumb Code   252  mlx90640_api.o(.text.MLX90640_GetTa)
    MLX90640_I2CRead                         0x08002991   Thumb Code   120  mlx90640_i2c_driver.o(.text.MLX90640_I2CRead)
    MLX90640_SetRefreshRate                  0x08002a09   Thumb Code    58  mlx90640_api.o(.text.MLX90640_SetRefreshRate)
    MX_USART1_UART_Init                      0x08002a49   Thumb Code   124  usart.o(.text.MX_USART1_UART_Init)
    PendSV_Handler                           0x08002ac9   Thumb Code     2  stm32h7xx_it.o(.text.PendSV_Handler)
    SVC_Handler                              0x08002bf9   Thumb Code     2  stm32h7xx_it.o(.text.SVC_Handler)
    SysTick_Handler                          0x08002c01   Thumb Code     4  stm32h7xx_it.o(.text.SysTick_Handler)
    UART_AdvFeatureConfig                    0x08002c09   Thumb Code   224  stm32h7xx_hal_uart.o(.text.UART_AdvFeatureConfig)
    UART_WaitOnFlagUntilTimeout              0x08002ce9   Thumb Code   250  stm32h7xx_hal_uart.o(.text.UART_WaitOnFlagUntilTimeout)
    ExtractCPParameters(unsigned short*, paramsMLX90640*) 0x08002de9   Thumb Code   348  mlx90640_api.o(.text._Z19ExtractCPParametersPtP14paramsMLX90640)
    ExtractAlphaParameters(unsigned short*, paramsMLX90640*) 0x08002f59   Thumb Code  2580  mlx90640_api.o(.text._Z22ExtractAlphaParametersPtP14paramsMLX90640)
    ExtractDeviatingPixels(unsigned short*, paramsMLX90640*) 0x08003971   Thumb Code   646  mlx90640_api.o(.text._Z22ExtractDeviatingPixelsPtP14paramsMLX90640)
    _sys_exit                                0x08003bf9   Thumb Code     2  usart.o(.text._sys_exit)
    fputc                                    0x08003c01   Thumb Code    32  usart.o(.text.fputc)
    _btod_d2e                                0x08003c21   Thumb Code    62  btod.o(CL$$btod_d2e)
    _d2e_denorm_low                          0x08003c5f   Thumb Code    70  btod.o(CL$$btod_d2e_denorm_low)
    _d2e_norm_op1                            0x08003ca5   Thumb Code    96  btod.o(CL$$btod_d2e_norm_op1)
    _btod_ediv                               0x08003d05   Thumb Code    42  btod.o(CL$$btod_ediv)
    __mathlib_dbl_underflow                  0x08003d31   Thumb Code    10  dunder.o(i.__mathlib_dbl_underflow)
    _is_digit                                0x08003d49   Thumb Code    14  __printf_wp.o(i._is_digit)
    _get_lc_numeric                          0x08003d59   Thumb Code    44  lc_numeric_c.o(locale$$code)
    __fpl_dcheck_NaN1                        0x08003d85   Thumb Code    10  dcheck1.o(x$fpl$dcheck1)
    _fp_init                                 0x08003d95   Thumb Code    26  fpinit.o(x$fpl$fpinit)
    __fplib_config_fpu_vfp                   0x08003dad   Thumb Code     0  fpinit.o(x$fpl$fpinit)
    __fplib_config_pureend_doubles           0x08003dad   Thumb Code     0  fpinit.o(x$fpl$fpinit)
    _printf_fp_dec                           0x08003daf   Thumb Code     4  printf1.o(x$fpl$printf1)
    __fpl_return_NaN                         0x08003db3   Thumb Code   100  retnan.o(x$fpl$retnan)
    __fpl_cmpreturn                          0x08003e17   Thumb Code    48  trapv.o(x$fpl$trapveneer)
    __I$use$fp                               0x08003e46   Number         0  usenofp.o(x$fpl$usenofp)
    Region$$Table$$Base                      0x08003ef4   Number         0  anon$$obj.o(Region$$Table)
    Region$$Table$$Limit                     0x08003f14   Number         0  anon$$obj.o(Region$$Table)
    __rt_lib_shutdown                        0x08100001   Thumb Code     0  libshutdown.o(.ARM.Collect$$libshutdown$$00000000)
    __rt_lib_shutdown_cpp_1                  0x08100003   Thumb Code     0  libshutdown2.o(.ARM.Collect$$libshutdown$$00000002)
    __rt_lib_shutdown_fp_trap_1              0x08100003   Thumb Code     0  libshutdown2.o(.ARM.Collect$$libshutdown$$00000007)
    __rt_lib_shutdown_heap_1                 0x08100003   Thumb Code     0  libshutdown2.o(.ARM.Collect$$libshutdown$$0000000F)
    __rt_lib_shutdown_return                 0x08100003   Thumb Code     0  libshutdown2.o(.ARM.Collect$$libshutdown$$00000010)
    __rt_lib_shutdown_signal_1               0x08100003   Thumb Code     0  libshutdown2.o(.ARM.Collect$$libshutdown$$0000000A)
    __rt_lib_shutdown_stdio_1                0x08100003   Thumb Code     0  libshutdown2.o(.ARM.Collect$$libshutdown$$00000004)
    __rt_lib_shutdown_user_alloc_1           0x08100003   Thumb Code     0  libshutdown2.o(.ARM.Collect$$libshutdown$$0000000C)
    __rt_entry                               0x08100005   Thumb Code     0  __rtentry.o(.ARM.Collect$$rtentry$$00000000)
    __rt_entry_presh_1                       0x08100005   Thumb Code     0  __rtentry2.o(.ARM.Collect$$rtentry$$00000002)
    __rt_entry_sh                            0x08100005   Thumb Code     0  __rtentry4.o(.ARM.Collect$$rtentry$$00000004)
    __rt_entry_li                            0x0810000b   Thumb Code     0  __rtentry2.o(.ARM.Collect$$rtentry$$0000000A)
    __rt_entry_postsh_1                      0x0810000b   Thumb Code     0  __rtentry2.o(.ARM.Collect$$rtentry$$00000009)
    __rt_entry_main                          0x0810000f   Thumb Code     0  __rtentry2.o(.ARM.Collect$$rtentry$$0000000D)
    __rt_entry_postli_1                      0x0810000f   Thumb Code     0  __rtentry2.o(.ARM.Collect$$rtentry$$0000000C)
    __rt_exit                                0x08100017   Thumb Code     0  rtexit.o(.ARM.Collect$$rtexit$$00000000)
    __rt_exit_ls                             0x08100019   Thumb Code     0  rtexit2.o(.ARM.Collect$$rtexit$$00000003)
    __rt_exit_prels_1                        0x08100019   Thumb Code     0  rtexit2.o(.ARM.Collect$$rtexit$$00000002)
    __rt_exit_exit                           0x0810001d   Thumb Code     0  rtexit2.o(.ARM.Collect$$rtexit$$00000004)
    Reset_Handler                            0x08100025   Thumb Code     8  startup_stm32h743xx.o(.text)
    ADC3_IRQHandler                          0x0810003f   Thumb Code     0  startup_stm32h743xx.o(.text)
    ADC_IRQHandler                           0x0810003f   Thumb Code     0  startup_stm32h743xx.o(.text)
    BDMA_Channel0_IRQHandler                 0x0810003f   Thumb Code     0  startup_stm32h743xx.o(.text)
    BDMA_Channel1_IRQHandler                 0x0810003f   Thumb Code     0  startup_stm32h743xx.o(.text)
    BDMA_Channel2_IRQHandler                 0x0810003f   Thumb Code     0  startup_stm32h743xx.o(.text)
    BDMA_Channel3_IRQHandler                 0x0810003f   Thumb Code     0  startup_stm32h743xx.o(.text)
    BDMA_Channel4_IRQHandler                 0x0810003f   Thumb Code     0  startup_stm32h743xx.o(.text)
    BDMA_Channel5_IRQHandler                 0x0810003f   Thumb Code     0  startup_stm32h743xx.o(.text)
    BDMA_Channel6_IRQHandler                 0x0810003f   Thumb Code     0  startup_stm32h743xx.o(.text)
    BDMA_Channel7_IRQHandler                 0x0810003f   Thumb Code     0  startup_stm32h743xx.o(.text)
    CEC_IRQHandler                           0x0810003f   Thumb Code     0  startup_stm32h743xx.o(.text)
    COMP1_IRQHandler                         0x0810003f   Thumb Code     0  startup_stm32h743xx.o(.text)
    CRS_IRQHandler                           0x0810003f   Thumb Code     0  startup_stm32h743xx.o(.text)
    DCMI_IRQHandler                          0x0810003f   Thumb Code     0  startup_stm32h743xx.o(.text)
    DFSDM1_FLT0_IRQHandler                   0x0810003f   Thumb Code     0  startup_stm32h743xx.o(.text)
    DFSDM1_FLT1_IRQHandler                   0x0810003f   Thumb Code     0  startup_stm32h743xx.o(.text)
    DFSDM1_FLT2_IRQHandler                   0x0810003f   Thumb Code     0  startup_stm32h743xx.o(.text)
    DFSDM1_FLT3_IRQHandler                   0x0810003f   Thumb Code     0  startup_stm32h743xx.o(.text)
    DMA1_Stream0_IRQHandler                  0x0810003f   Thumb Code     0  startup_stm32h743xx.o(.text)
    DMA1_Stream1_IRQHandler                  0x0810003f   Thumb Code     0  startup_stm32h743xx.o(.text)
    DMA1_Stream2_IRQHandler                  0x0810003f   Thumb Code     0  startup_stm32h743xx.o(.text)
    DMA1_Stream3_IRQHandler                  0x0810003f   Thumb Code     0  startup_stm32h743xx.o(.text)
    DMA1_Stream4_IRQHandler                  0x0810003f   Thumb Code     0  startup_stm32h743xx.o(.text)
    DMA1_Stream5_IRQHandler                  0x0810003f   Thumb Code     0  startup_stm32h743xx.o(.text)
    DMA1_Stream6_IRQHandler                  0x0810003f   Thumb Code     0  startup_stm32h743xx.o(.text)
    DMA1_Stream7_IRQHandler                  0x0810003f   Thumb Code     0  startup_stm32h743xx.o(.text)
    DMA2D_IRQHandler                         0x0810003f   Thumb Code     0  startup_stm32h743xx.o(.text)
    DMA2_Stream0_IRQHandler                  0x0810003f   Thumb Code     0  startup_stm32h743xx.o(.text)
    DMA2_Stream1_IRQHandler                  0x0810003f   Thumb Code     0  startup_stm32h743xx.o(.text)
    DMA2_Stream2_IRQHandler                  0x0810003f   Thumb Code     0  startup_stm32h743xx.o(.text)
    DMA2_Stream3_IRQHandler                  0x0810003f   Thumb Code     0  startup_stm32h743xx.o(.text)
    DMA2_Stream4_IRQHandler                  0x0810003f   Thumb Code     0  startup_stm32h743xx.o(.text)
    DMA2_Stream5_IRQHandler                  0x0810003f   Thumb Code     0  startup_stm32h743xx.o(.text)
    DMA2_Stream6_IRQHandler                  0x0810003f   Thumb Code     0  startup_stm32h743xx.o(.text)
    DMA2_Stream7_IRQHandler                  0x0810003f   Thumb Code     0  startup_stm32h743xx.o(.text)
    DMAMUX1_OVR_IRQHandler                   0x0810003f   Thumb Code     0  startup_stm32h743xx.o(.text)
    DMAMUX2_OVR_IRQHandler                   0x0810003f   Thumb Code     0  startup_stm32h743xx.o(.text)
    ECC_IRQHandler                           0x0810003f   Thumb Code     0  startup_stm32h743xx.o(.text)
    ETH_IRQHandler                           0x0810003f   Thumb Code     0  startup_stm32h743xx.o(.text)
    ETH_WKUP_IRQHandler                      0x0810003f   Thumb Code     0  startup_stm32h743xx.o(.text)
    EXTI0_IRQHandler                         0x0810003f   Thumb Code     0  startup_stm32h743xx.o(.text)
    EXTI15_10_IRQHandler                     0x0810003f   Thumb Code     0  startup_stm32h743xx.o(.text)
    EXTI1_IRQHandler                         0x0810003f   Thumb Code     0  startup_stm32h743xx.o(.text)
    EXTI2_IRQHandler                         0x0810003f   Thumb Code     0  startup_stm32h743xx.o(.text)
    EXTI3_IRQHandler                         0x0810003f   Thumb Code     0  startup_stm32h743xx.o(.text)
    EXTI4_IRQHandler                         0x0810003f   Thumb Code     0  startup_stm32h743xx.o(.text)
    EXTI9_5_IRQHandler                       0x0810003f   Thumb Code     0  startup_stm32h743xx.o(.text)
    FDCAN1_IT0_IRQHandler                    0x0810003f   Thumb Code     0  startup_stm32h743xx.o(.text)
    FDCAN1_IT1_IRQHandler                    0x0810003f   Thumb Code     0  startup_stm32h743xx.o(.text)
    FDCAN2_IT0_IRQHandler                    0x0810003f   Thumb Code     0  startup_stm32h743xx.o(.text)
    FDCAN2_IT1_IRQHandler                    0x0810003f   Thumb Code     0  startup_stm32h743xx.o(.text)
    FDCAN_CAL_IRQHandler                     0x0810003f   Thumb Code     0  startup_stm32h743xx.o(.text)
    FLASH_IRQHandler                         0x0810003f   Thumb Code     0  startup_stm32h743xx.o(.text)
    FMC_IRQHandler                           0x0810003f   Thumb Code     0  startup_stm32h743xx.o(.text)
    FPU_IRQHandler                           0x0810003f   Thumb Code     0  startup_stm32h743xx.o(.text)
    HRTIM1_FLT_IRQHandler                    0x0810003f   Thumb Code     0  startup_stm32h743xx.o(.text)
    HRTIM1_Master_IRQHandler                 0x0810003f   Thumb Code     0  startup_stm32h743xx.o(.text)
    HRTIM1_TIMA_IRQHandler                   0x0810003f   Thumb Code     0  startup_stm32h743xx.o(.text)
    HRTIM1_TIMB_IRQHandler                   0x0810003f   Thumb Code     0  startup_stm32h743xx.o(.text)
    HRTIM1_TIMC_IRQHandler                   0x0810003f   Thumb Code     0  startup_stm32h743xx.o(.text)
    HRTIM1_TIMD_IRQHandler                   0x0810003f   Thumb Code     0  startup_stm32h743xx.o(.text)
    HRTIM1_TIME_IRQHandler                   0x0810003f   Thumb Code     0  startup_stm32h743xx.o(.text)
    HSEM1_IRQHandler                         0x0810003f   Thumb Code     0  startup_stm32h743xx.o(.text)
    I2C1_ER_IRQHandler                       0x0810003f   Thumb Code     0  startup_stm32h743xx.o(.text)
    I2C1_EV_IRQHandler                       0x0810003f   Thumb Code     0  startup_stm32h743xx.o(.text)
    I2C2_ER_IRQHandler                       0x0810003f   Thumb Code     0  startup_stm32h743xx.o(.text)
    I2C2_EV_IRQHandler                       0x0810003f   Thumb Code     0  startup_stm32h743xx.o(.text)
    I2C3_ER_IRQHandler                       0x0810003f   Thumb Code     0  startup_stm32h743xx.o(.text)
    I2C3_EV_IRQHandler                       0x0810003f   Thumb Code     0  startup_stm32h743xx.o(.text)
    I2C4_ER_IRQHandler                       0x0810003f   Thumb Code     0  startup_stm32h743xx.o(.text)
    I2C4_EV_IRQHandler                       0x0810003f   Thumb Code     0  startup_stm32h743xx.o(.text)
    JPEG_IRQHandler                          0x0810003f   Thumb Code     0  startup_stm32h743xx.o(.text)
    LPTIM1_IRQHandler                        0x0810003f   Thumb Code     0  startup_stm32h743xx.o(.text)
    LPTIM2_IRQHandler                        0x0810003f   Thumb Code     0  startup_stm32h743xx.o(.text)
    LPTIM3_IRQHandler                        0x0810003f   Thumb Code     0  startup_stm32h743xx.o(.text)
    LPTIM4_IRQHandler                        0x0810003f   Thumb Code     0  startup_stm32h743xx.o(.text)
    LPTIM5_IRQHandler                        0x0810003f   Thumb Code     0  startup_stm32h743xx.o(.text)
    LPUART1_IRQHandler                       0x0810003f   Thumb Code     0  startup_stm32h743xx.o(.text)
    LTDC_ER_IRQHandler                       0x0810003f   Thumb Code     0  startup_stm32h743xx.o(.text)
    LTDC_IRQHandler                          0x0810003f   Thumb Code     0  startup_stm32h743xx.o(.text)
    MDIOS_IRQHandler                         0x0810003f   Thumb Code     0  startup_stm32h743xx.o(.text)
    MDIOS_WKUP_IRQHandler                    0x0810003f   Thumb Code     0  startup_stm32h743xx.o(.text)
    MDMA_IRQHandler                          0x0810003f   Thumb Code     0  startup_stm32h743xx.o(.text)
    OTG_FS_EP1_IN_IRQHandler                 0x0810003f   Thumb Code     0  startup_stm32h743xx.o(.text)
    OTG_FS_EP1_OUT_IRQHandler                0x0810003f   Thumb Code     0  startup_stm32h743xx.o(.text)
    OTG_FS_IRQHandler                        0x0810003f   Thumb Code     0  startup_stm32h743xx.o(.text)
    OTG_FS_WKUP_IRQHandler                   0x0810003f   Thumb Code     0  startup_stm32h743xx.o(.text)
    OTG_HS_EP1_IN_IRQHandler                 0x0810003f   Thumb Code     0  startup_stm32h743xx.o(.text)
    OTG_HS_EP1_OUT_IRQHandler                0x0810003f   Thumb Code     0  startup_stm32h743xx.o(.text)
    OTG_HS_IRQHandler                        0x0810003f   Thumb Code     0  startup_stm32h743xx.o(.text)
    OTG_HS_WKUP_IRQHandler                   0x0810003f   Thumb Code     0  startup_stm32h743xx.o(.text)
    PVD_AVD_IRQHandler                       0x0810003f   Thumb Code     0  startup_stm32h743xx.o(.text)
    QUADSPI_IRQHandler                       0x0810003f   Thumb Code     0  startup_stm32h743xx.o(.text)
    RCC_IRQHandler                           0x0810003f   Thumb Code     0  startup_stm32h743xx.o(.text)
    RNG_IRQHandler                           0x0810003f   Thumb Code     0  startup_stm32h743xx.o(.text)
    RTC_Alarm_IRQHandler                     0x0810003f   Thumb Code     0  startup_stm32h743xx.o(.text)
    RTC_WKUP_IRQHandler                      0x0810003f   Thumb Code     0  startup_stm32h743xx.o(.text)
    SAI1_IRQHandler                          0x0810003f   Thumb Code     0  startup_stm32h743xx.o(.text)
    SAI2_IRQHandler                          0x0810003f   Thumb Code     0  startup_stm32h743xx.o(.text)
    SAI3_IRQHandler                          0x0810003f   Thumb Code     0  startup_stm32h743xx.o(.text)
    SAI4_IRQHandler                          0x0810003f   Thumb Code     0  startup_stm32h743xx.o(.text)
    SDMMC1_IRQHandler                        0x0810003f   Thumb Code     0  startup_stm32h743xx.o(.text)
    SDMMC2_IRQHandler                        0x0810003f   Thumb Code     0  startup_stm32h743xx.o(.text)
    SPDIF_RX_IRQHandler                      0x0810003f   Thumb Code     0  startup_stm32h743xx.o(.text)
    SPI1_IRQHandler                          0x0810003f   Thumb Code     0  startup_stm32h743xx.o(.text)
    SPI2_IRQHandler                          0x0810003f   Thumb Code     0  startup_stm32h743xx.o(.text)
    SPI3_IRQHandler                          0x0810003f   Thumb Code     0  startup_stm32h743xx.o(.text)
    SPI4_IRQHandler                          0x0810003f   Thumb Code     0  startup_stm32h743xx.o(.text)
    SPI5_IRQHandler                          0x0810003f   Thumb Code     0  startup_stm32h743xx.o(.text)
    SPI6_IRQHandler                          0x0810003f   Thumb Code     0  startup_stm32h743xx.o(.text)
    SWPMI1_IRQHandler                        0x0810003f   Thumb Code     0  startup_stm32h743xx.o(.text)
    TAMP_STAMP_IRQHandler                    0x0810003f   Thumb Code     0  startup_stm32h743xx.o(.text)
    TIM15_IRQHandler                         0x0810003f   Thumb Code     0  startup_stm32h743xx.o(.text)
    TIM16_IRQHandler                         0x0810003f   Thumb Code     0  startup_stm32h743xx.o(.text)
    TIM17_IRQHandler                         0x0810003f   Thumb Code     0  startup_stm32h743xx.o(.text)
    TIM1_BRK_IRQHandler                      0x0810003f   Thumb Code     0  startup_stm32h743xx.o(.text)
    TIM1_CC_IRQHandler                       0x0810003f   Thumb Code     0  startup_stm32h743xx.o(.text)
    TIM1_TRG_COM_IRQHandler                  0x0810003f   Thumb Code     0  startup_stm32h743xx.o(.text)
    TIM1_UP_IRQHandler                       0x0810003f   Thumb Code     0  startup_stm32h743xx.o(.text)
    TIM2_IRQHandler                          0x0810003f   Thumb Code     0  startup_stm32h743xx.o(.text)
    TIM3_IRQHandler                          0x0810003f   Thumb Code     0  startup_stm32h743xx.o(.text)
    TIM4_IRQHandler                          0x0810003f   Thumb Code     0  startup_stm32h743xx.o(.text)
    TIM5_IRQHandler                          0x0810003f   Thumb Code     0  startup_stm32h743xx.o(.text)
    TIM6_DAC_IRQHandler                      0x0810003f   Thumb Code     0  startup_stm32h743xx.o(.text)
    TIM7_IRQHandler                          0x0810003f   Thumb Code     0  startup_stm32h743xx.o(.text)
    TIM8_BRK_TIM12_IRQHandler                0x0810003f   Thumb Code     0  startup_stm32h743xx.o(.text)
    TIM8_CC_IRQHandler                       0x0810003f   Thumb Code     0  startup_stm32h743xx.o(.text)
    TIM8_TRG_COM_TIM14_IRQHandler            0x0810003f   Thumb Code     0  startup_stm32h743xx.o(.text)
    TIM8_UP_TIM13_IRQHandler                 0x0810003f   Thumb Code     0  startup_stm32h743xx.o(.text)
    UART4_IRQHandler                         0x0810003f   Thumb Code     0  startup_stm32h743xx.o(.text)
    UART5_IRQHandler                         0x0810003f   Thumb Code     0  startup_stm32h743xx.o(.text)
    UART7_IRQHandler                         0x0810003f   Thumb Code     0  startup_stm32h743xx.o(.text)
    UART8_IRQHandler                         0x0810003f   Thumb Code     0  startup_stm32h743xx.o(.text)
    USART1_IRQHandler                        0x0810003f   Thumb Code     0  startup_stm32h743xx.o(.text)
    USART2_IRQHandler                        0x0810003f   Thumb Code     0  startup_stm32h743xx.o(.text)
    USART3_IRQHandler                        0x0810003f   Thumb Code     0  startup_stm32h743xx.o(.text)
    USART6_IRQHandler                        0x0810003f   Thumb Code     0  startup_stm32h743xx.o(.text)
    WAKEUP_PIN_IRQHandler                    0x0810003f   Thumb Code     0  startup_stm32h743xx.o(.text)
    WWDG_IRQHandler                          0x0810003f   Thumb Code     0  startup_stm32h743xx.o(.text)
    __user_initial_stackheap                 0x08100041   Thumb Code     0  startup_stm32h743xx.o(.text)
    __use_no_semihosting                     0x08100065   Thumb Code     2  use_no_semi_2.o(.text)
    __aeabi_uldivmod                         0x08100067   Thumb Code     0  lludivv7m.o(.text)
    _ll_udiv                                 0x08100067   Thumb Code   240  lludivv7m.o(.text)
    __printf                                 0x08100157   Thumb Code   270  __printf_wp.o(.text)
    puts                                     0x08100265   Thumb Code    40  puts.o(.text)
    __aeabi_memclr4                          0x08100291   Thumb Code     0  rt_memclr_w.o(.text)
    __aeabi_memclr8                          0x08100291   Thumb Code     0  rt_memclr_w.o(.text)
    __rt_memclr_w                            0x08100291   Thumb Code     0  rt_memclr_w.o(.text)
    _memset_w                                0x08100295   Thumb Code    74  rt_memclr_w.o(.text)
    __use_two_region_memory                  0x081002df   Thumb Code     2  heapauxi.o(.text)
    __rt_heap_escrow$2region                 0x081002e1   Thumb Code     2  heapauxi.o(.text)
    __rt_heap_expand$2region                 0x081002e3   Thumb Code     2  heapauxi.o(.text)
    __read_errno                             0x081002e5   Thumb Code    10  _rserrno.o(.text)
    __set_errno                              0x081002ef   Thumb Code    12  _rserrno.o(.text)
    _printf_int_common                       0x081002fb   Thumb Code   178  _printf_intcommon.o(.text)
    __aeabi_errno_addr                       0x081003ad   Thumb Code     8  rt_errno_addr_intlibspace.o(.text)
    __errno$intlibspace                      0x081003ad   Thumb Code     0  rt_errno_addr_intlibspace.o(.text)
    __rt_errno_addr$intlibspace              0x081003ad   Thumb Code     0  rt_errno_addr_intlibspace.o(.text)
    _printf_fp_infnan                        0x081003b5   Thumb Code   112  _printf_fp_infnan.o(.text)
    __user_libspace                          0x08100435   Thumb Code     8  libspace.o(.text)
    __user_perproc_libspace                  0x08100435   Thumb Code     0  libspace.o(.text)
    __user_perthread_libspace                0x08100435   Thumb Code     0  libspace.o(.text)
    __user_setup_stackheap                   0x0810043d   Thumb Code    74  sys_stackheap_outer.o(.text)
    strcmp                                   0x08100489   Thumb Code   124  strcmpv7m_pel.o(.text)
    DebugMon_Handler                         0x08100509   Thumb Code     2  stm32h7xx_it.o(.text.DebugMon_Handler)
    Error_Handler                            0x08100511   Thumb Code     2  main.o(.text.Error_Handler)
    HAL_GetREVID                             0x08100519   Thumb Code    14  stm32h7xx_hal.o(.text.HAL_GetREVID)
    HAL_GetTick                              0x08100529   Thumb Code    12  stm32h7xx_hal.o(.text.HAL_GetTick)
    HAL_I2CEx_ConfigAnalogFilter             0x08100539   Thumb Code    74  stm32h7xx_hal_i2c_ex.o(.text.HAL_I2CEx_ConfigAnalogFilter)
    HAL_I2C_Init                             0x08100589   Thumb Code   162  stm32h7xx_hal_i2c.o(.text.HAL_I2C_Init)
    HAL_I2C_Mem_Read                         0x08100631   Thumb Code   608  stm32h7xx_hal_i2c.o(.text.HAL_I2C_Mem_Read)
    HAL_IncTick                              0x08100891   Thumb Code    26  stm32h7xx_hal.o(.text.HAL_IncTick)
    HAL_Init                                 0x081008b1   Thumb Code   100  stm32h7xx_hal.o(.text.HAL_Init)
    HAL_MspInit                              0x08100919   Thumb Code    32  stm32h7xx_hal_msp.o(.text.HAL_MspInit)
    HAL_PWREx_ConfigSupply                   0x08100939   Thumb Code    76  stm32h7xx_hal_pwr_ex.o(.text.HAL_PWREx_ConfigSupply)
    HAL_RCCEx_GetD3PCLK1Freq                 0x08100989   Thumb Code    38  stm32h7xx_hal_rcc_ex.o(.text.HAL_RCCEx_GetD3PCLK1Freq)
    HAL_RCCEx_GetPLL2ClockFreq               0x081009b1   Thumb Code   284  stm32h7xx_hal_rcc_ex.o(.text.HAL_RCCEx_GetPLL2ClockFreq)
    HAL_RCCEx_PeriphCLKConfig                0x08100ae1   Thumb Code  3134  stm32h7xx_hal_rcc_ex.o(.text.HAL_RCCEx_PeriphCLKConfig)
    HAL_RCC_GetPCLK2Freq                     0x08101721   Thumb Code    96  stm32h7xx_hal_rcc.o(.text.HAL_RCC_GetPCLK2Freq)
    HAL_RCC_GetSysClockFreq                  0x08101781   Thumb Code   264  stm32h7xx_hal_rcc.o(.text.HAL_RCC_GetSysClockFreq)
    HAL_SYSTICK_Config                       0x08101899   Thumb Code    46  stm32h7xx_hal_cortex.o(.text.HAL_SYSTICK_Config)
    HAL_UARTEx_DisableFifoMode               0x081018c9   Thumb Code    54  stm32h7xx_hal_uart_ex.o(.text.HAL_UARTEx_DisableFifoMode)
    HAL_UARTEx_SetRxFifoThreshold            0x08101901   Thumb Code   144  stm32h7xx_hal_uart_ex.o(.text.HAL_UARTEx_SetRxFifoThreshold)
    HAL_UART_Init                            0x08101991   Thumb Code    98  stm32h7xx_hal_uart.o(.text.HAL_UART_Init)
    HAL_UART_MspInit                         0x081019f9   Thumb Code   104  usart.o(.text.HAL_UART_MspInit)
    MLX90640_DumpEE                          0x08101a61   Thumb Code    14  mlx90640_api.o(.text.MLX90640_DumpEE)
    MLX90640_GetFrameData                    0x08101a71   Thumb Code   416  mlx90640_api.o(.text.MLX90640_GetFrameData)
    MLX90640_GetVdd                          0x08101c11   Thumb Code   128  mlx90640_api.o(.text.MLX90640_GetVdd)
    MLX90640_I2CWrite                        0x08101c99   Thumb Code   144  mlx90640_i2c_driver.o(.text.MLX90640_I2CWrite)
    MLX90640_SetChessMode                    0x08101d29   Thumb Code    50  mlx90640_api.o(.text.MLX90640_SetChessMode)
    MX_GPIO_Init                             0x08101d61   Thumb Code    68  gpio.o(.text.MX_GPIO_Init)
    MX_I2C4_Init                             0x08101da9   Thumb Code   108  i2c.o(.text.MX_I2C4_Init)
    MemManage_Handler                        0x08101e19   Thumb Code     2  stm32h7xx_it.o(.text.MemManage_Handler)
    NMI_Handler                              0x08101e21   Thumb Code     2  stm32h7xx_it.o(.text.NMI_Handler)
    SystemClock_Config                       0x08101f51   Thumb Code   220  main.o(.text.SystemClock_Config)
    SystemInit                               0x08102031   Thumb Code   218  system_stm32h7xx.o(.text.SystemInit)
    UART_CheckIdleState                      0x08102111   Thumb Code   238  stm32h7xx_hal_uart.o(.text.UART_CheckIdleState)
    UART_SetConfig                           0x08102201   Thumb Code  1140  stm32h7xx_hal_uart.o(.text.UART_SetConfig)
    UsageFault_Handler                       0x08102681   Thumb Code     2  stm32h7xx_it.o(.text.UsageFault_Handler)
    ExtractOffsetParameters(unsigned short*, paramsMLX90640*) 0x08102689   Thumb Code  2102  mlx90640_api.o(.text._Z23ExtractOffsetParametersPtP14paramsMLX90640)
    ExtractKvPixelParameters(unsigned short*, paramsMLX90640*) 0x08102ec1   Thumb Code   616  mlx90640_api.o(.text._Z24ExtractKvPixelParametersPtP14paramsMLX90640)
    ExtractKtaPixelParameters(unsigned short*, paramsMLX90640*) 0x08103131   Thumb Code   644  mlx90640_api.o(.text._Z25ExtractKtaPixelParametersPtP14paramsMLX90640)
    main                                     0x081033b9   Thumb Code   380  main.o(.text.main)
    __btod_div_common                        0x081035c9   Thumb Code   696  btod.o(CL$$btod_div_common)
    _e2e                                     0x08103901   Thumb Code   220  btod.o(CL$$btod_e2e)
    _btod_emul                               0x081039dd   Thumb Code    42  btod.o(CL$$btod_emul)
    __btod_mult_common                       0x08103a07   Thumb Code   580  btod.o(CL$$btod_mult_common)
    Short Thumb to Thumb Veneer to __fpl_dcheck_NaN1 0x08103c4d   Thumb Code     4  anon$$obj.o(Veneer$$Code)
    __ARM_fpclassify                         0x08103c51   Thumb Code    48  fpclassify.o(i.__ARM_fpclassify)
    __hardfp_ldexp                           0x08103c81   Thumb Code   176  ldexp.o(i.__hardfp_ldexp)
    __mathlib_dbl_overflow                   0x08103d31   Thumb Code    10  dunder.o(i.__mathlib_dbl_overflow)
    __ARM_scalbn                             0x08103d49   Thumb Code    92  scalbn.o(x$fpl$scalbn)
    D1CorePrescTable                         0x08103daa   Data          16  system_stm32h7xx.o(.rodata.D1CorePrescTable)
    UARTPrescTable                           0x08103dba   Data          24  stm32h7xx_hal_uart.o(.rodata.UARTPrescTable)
    uwTickFreq                               0x24000000   Data           1  stm32h7xx_hal.o(.data..L_MergedGlobals)
    uwTickPrio                               0x24000004   Data           4  stm32h7xx_hal.o(.data..L_MergedGlobals)
    SystemCoreClock                          0x24000008   Data           4  system_stm32h7xx.o(.data..L_MergedGlobals)
    SystemD2Clock                            0x2400000c   Data           4  system_stm32h7xx.o(.data..L_MergedGlobals)
    emissivity                               0x24000010   Data           4  main.o(.data.emissivity)
    __libspace_start                         0x24000018   Data          96  libspace.o(.bss)
    __temporary_stack_top$libspace           0x24000078   Data           0  libspace.o(.bss)
    __stdout                                 0x2400007c   Data          84  usart.o(.bss.__stdout)
    frame                                    0x24000750   Data        1668  main.o(.bss.frame)
    hi2c4                                    0x24000dd4   Data          76  i2c.o(.bss.hi2c4)
    huart1                                   0x24000e20   Data         140  usart.o(.bss.huart1)
    status                                   0x24001aac   Data           4  main.o(.bss.status)
    uwTick                                   0x24001ab0   Data           4  stm32h7xx_hal.o(.bss.uwTick)



==============================================================================

Memory Map of the image

  Image Entry point : 0x08000299

  Load Region LR_IROM1 (Base: 0x08000000, Size: 0x00003f30, Max: 0x00100000, ABSOLUTE)

    Execution Region ER_IROM1 (Exec base: 0x08000000, Load base: 0x08000000, Size: 0x00003f14, Max: 0x00100000, ABSOLUTE)

    Exec Addr    Load Addr    Size         Type   Attr      Idx    E Section Name        Object

    0x08000000   0x08000000   0x00000298   Data   RO           18    RESET               startup_stm32h743xx.o
    0x08000298   0x08000298   0x00000008   Code   RO         1246  * !!!main             c_w.l(__main.o)
    0x080002a0   0x080002a0   0x0000005c   Code   RO         1523    !!!scatter          c_w.l(__scatter.o)
    0x080002fc   0x080002fc   0x0000001a   Code   RO         1527    !!handler_copy      c_w.l(__scatter_copy.o)
    0x08000316   0x08000316   0x00000002   PAD
    0x08000318   0x08000318   0x00000002   Code   RO         1524    !!handler_null      c_w.l(__scatter.o)
    0x0800031a   0x0800031a   0x00000002   PAD
    0x0800031c   0x0800031c   0x0000001c   Code   RO         1529    !!handler_zi        c_w.l(__scatter_zi.o)
    0x08000338   0x08000338   0x00000000   Code   RO         1239    .ARM.Collect$$_printf_percent$$00000000  c_w.l(_printf_percent.o)
    0x08000338   0x08000338   0x00000006   Code   RO         1238    .ARM.Collect$$_printf_percent$$00000003  c_w.l(_printf_f.o)
    0x0800033e   0x0800033e   0x00000006   Code   RO         1237    .ARM.Collect$$_printf_percent$$00000009  c_w.l(_printf_d.o)
    0x08000344   0x08000344   0x00000004   Code   RO         1275    .ARM.Collect$$_printf_percent$$00000017  c_w.l(_printf_percent_end.o)
    0x08000348   0x08000348   0x00000002   Code   RO         1388    .ARM.Collect$$libinit$$00000000  c_w.l(libinit.o)
    0x0800034a   0x0800034a   0x00000004   Code   RO         1389    .ARM.Collect$$libinit$$00000001  c_w.l(libinit2.o)
    0x0800034e   0x0800034e   0x00000000   Code   RO         1392    .ARM.Collect$$libinit$$00000004  c_w.l(libinit2.o)
    0x0800034e   0x0800034e   0x00000000   Code   RO         1394    .ARM.Collect$$libinit$$00000006  c_w.l(libinit2.o)
    0x0800034e   0x0800034e   0x00000000   Code   RO         1397    .ARM.Collect$$libinit$$0000000C  c_w.l(libinit2.o)
    0x0800034e   0x0800034e   0x00000000   Code   RO         1399    .ARM.Collect$$libinit$$0000000E  c_w.l(libinit2.o)
    0x0800034e   0x0800034e   0x00000000   Code   RO         1401    .ARM.Collect$$libinit$$00000010  c_w.l(libinit2.o)
    0x0800034e   0x0800034e   0x00000006   Code   RO         1402    .ARM.Collect$$libinit$$00000011  c_w.l(libinit2.o)
    0x08000354   0x08000354   0x00000000   Code   RO         1404    .ARM.Collect$$libinit$$00000013  c_w.l(libinit2.o)
    0x08000354   0x08000354   0x00000000   Code   RO         1406    .ARM.Collect$$libinit$$00000015  c_w.l(libinit2.o)
    0x08000354   0x08000354   0x00000000   Code   RO         1408    .ARM.Collect$$libinit$$00000017  c_w.l(libinit2.o)
    0x08000354   0x08000354   0x0000000a   Code   RO         1409    .ARM.Collect$$libinit$$00000018  c_w.l(libinit2.o)
    0x0800035e   0x0800035e   0x00000000   Code   RO         1410    .ARM.Collect$$libinit$$00000019  c_w.l(libinit2.o)
    0x0800035e   0x0800035e   0x00000000   Code   RO         1412    .ARM.Collect$$libinit$$0000001B  c_w.l(libinit2.o)
    0x0800035e   0x0800035e   0x00000000   Code   RO         1414    .ARM.Collect$$libinit$$0000001D  c_w.l(libinit2.o)
    0x0800035e   0x0800035e   0x00000000   Code   RO         1416    .ARM.Collect$$libinit$$0000001F  c_w.l(libinit2.o)
    0x0800035e   0x0800035e   0x00000000   Code   RO         1418    .ARM.Collect$$libinit$$00000021  c_w.l(libinit2.o)
    0x0800035e   0x0800035e   0x00000000   Code   RO         1420    .ARM.Collect$$libinit$$00000023  c_w.l(libinit2.o)
    0x0800035e   0x0800035e   0x00000000   Code   RO         1422    .ARM.Collect$$libinit$$00000025  c_w.l(libinit2.o)
    0x0800035e   0x0800035e   0x00000000   Code   RO         1424    .ARM.Collect$$libinit$$00000027  c_w.l(libinit2.o)
    0x0800035e   0x0800035e   0x00000000   Code   RO         1428    .ARM.Collect$$libinit$$0000002E  c_w.l(libinit2.o)
    0x0800035e   0x0800035e   0x00000000   Code   RO         1430    .ARM.Collect$$libinit$$00000030  c_w.l(libinit2.o)
    0x0800035e   0x0800035e   0x00000000   Code   RO         1432    .ARM.Collect$$libinit$$00000032  c_w.l(libinit2.o)
    0x0800035e   0x0800035e   0x00000000   Code   RO         1434    .ARM.Collect$$libinit$$00000034  c_w.l(libinit2.o)
    0x0800035e   0x0800035e   0x00000002   Code   RO         1435    .ARM.Collect$$libinit$$00000035  c_w.l(libinit2.o)
    0x08000360   0x08000360   0x00000018   Code   RO         1209    .text               c_w.l(noretval__2printf.o)
    0x08000378   0x08000378   0x0000004e   Code   RO         1213    .text               c_w.l(_printf_pad.o)
    0x080003c6   0x080003c6   0x00000002   PAD
    0x080003c8   0x080003c8   0x00000078   Code   RO         1215    .text               c_w.l(_printf_dec.o)
    0x08000440   0x08000440   0x00000002   Code   RO         1258    .text               c_w.l(use_no_semi.o)
    0x08000442   0x08000442   0x0000041c   Code   RO         1269    .text               c_w.l(_printf_fp_dec.o)
    0x0800085e   0x0800085e   0x00000002   PAD
    0x08000860   0x08000860   0x00000024   Code   RO         1273    .text               c_w.l(_printf_char_file.o)
    0x08000884   0x08000884   0x00000008   Code   RO         1313    .text               c_w.l(rt_locale_intlibspace.o)
    0x0800088c   0x0800088c   0x0000008a   Code   RO         1320    .text               c_w.l(lludiv10.o)
    0x08000916   0x08000916   0x00000002   PAD
    0x08000918   0x08000918   0x00000030   Code   RO         1322    .text               c_w.l(_printf_char_common.o)
    0x08000948   0x08000948   0x000000e4   Code   RO         1326    .text               c_w.l(bigflt0.o)
    0x08000a2c   0x08000a2c   0x00000008   Code   RO         1353    .text               c_w.l(ferror.o)
    0x08000a34   0x08000a34   0x00000012   Code   RO         1375    .text               c_w.l(exit.o)
    0x08000a46   0x08000a46   0x00000002   PAD
    0x08000a48   0x08000a48   0x00000002   Code   RO          170    .text.BusFault_Handler  stm32h7xx_it.o
    0x08000a4a   0x08000a4a   0x00000006   PAD
    0x08000a50   0x08000a50   0x000001c2   Code   RO          582    .text.HAL_GPIO_Init  stm32h7xx_hal_gpio.o
    0x08000c12   0x08000c12   0x00000006   PAD
    0x08000c18   0x08000c18   0x00000048   Code   RO          399    .text.HAL_I2CEx_ConfigDigitalFilter  stm32h7xx_hal_i2c_ex.o
    0x08000c60   0x08000c60   0x0000002e   Code   RO          405    .text.HAL_I2CEx_EnableFastModePlus  stm32h7xx_hal_i2c_ex.o
    0x08000c8e   0x08000c8e   0x00000002   PAD
    0x08000c90   0x08000c90   0x00000214   Code   RO          303    .text.HAL_I2C_Mem_Write  stm32h7xx_hal_i2c.o
    0x08000ea4   0x08000ea4   0x00000004   PAD
    0x08000ea8   0x08000ea8   0x00000068   Code   RO          131    .text.HAL_I2C_MspInit  i2c.o
    0x08000f10   0x08000f10   0x0000004c   Code   RO          876    .text.HAL_InitTick  stm32h7xx_hal.o
    0x08000f5c   0x08000f5c   0x00000004   PAD
    0x08000f60   0x08000f60   0x0000005a   Code   RO          199    .text.HAL_NVIC_SetPriority  stm32h7xx_hal_cortex.o
    0x08000fba   0x08000fba   0x00000006   PAD
    0x08000fc0   0x08000fc0   0x00000020   Code   RO          197    .text.HAL_NVIC_SetPriorityGrouping  stm32h7xx_hal_cortex.o
    0x08000fe0   0x08000fe0   0x0000012c   Code   RO          467    .text.HAL_RCCEx_GetPLL3ClockFreq  stm32h7xx_hal_rcc_ex.o
    0x0800110c   0x0800110c   0x00000004   PAD
    0x08001110   0x08001110   0x00000268   Code   RO          421    .text.HAL_RCC_ClockConfig  stm32h7xx_hal_rcc.o
    0x08001378   0x08001378   0x0000004c   Code   RO          431    .text.HAL_RCC_GetHCLKFreq  stm32h7xx_hal_rcc.o
    0x080013c4   0x080013c4   0x00000004   PAD
    0x080013c8   0x080013c8   0x00000060   Code   RO          433    .text.HAL_RCC_GetPCLK1Freq  stm32h7xx_hal_rcc.o
    0x08001428   0x08001428   0x000004fc   Code   RO          419    .text.HAL_RCC_OscConfig  stm32h7xx_hal_rcc.o
    0x08001924   0x08001924   0x00000004   PAD
    0x08001928   0x08001928   0x00000090   Code   RO         1175    .text.HAL_UARTEx_SetTxFifoThreshold  stm32h7xx_hal_uart_ex.o
    0x080019b8   0x080019b8   0x000000da   Code   RO         1036    .text.HAL_UART_Transmit  stm32h7xx_hal_uart.o
    0x08001a92   0x08001a92   0x00000006   PAD
    0x08001a98   0x08001a98   0x00000002   Code   RO          166    .text.HardFault_Handler  stm32h7xx_it.o
    0x08001a9a   0x08001a9a   0x00000006   PAD
    0x08001aa0   0x08001aa0   0x000000a8   Code   RO          387    .text.I2C_IsAcknowledgeFailed  stm32h7xx_hal_i2c.o
    0x08001b48   0x08001b48   0x000000d6   Code   RO          309    .text.I2C_RequestMemoryRead  stm32h7xx_hal_i2c.o
    0x08001c1e   0x08001c1e   0x00000002   PAD
    0x08001c20   0x08001c20   0x000000d6   Code   RO          305    .text.I2C_RequestMemoryWrite  stm32h7xx_hal_i2c.o
    0x08001cf6   0x08001cf6   0x00000002   PAD
    0x08001cf8   0x08001cf8   0x00000068   Code   RO          259    .text.I2C_WaitOnSTOPFlagUntilTimeout  stm32h7xx_hal_i2c.o
    0x08001d60   0x08001d60   0x00000088   Code   RO          257    .text.I2C_WaitOnTXISFlagUntilTimeout  stm32h7xx_hal_i2c.o
    0x08001de8   0x08001de8   0x00000252   Code   RO           84    .text.MLX90640_BadPixelsCorrection  mlx90640_api.o
    0x0800203a   0x0800203a   0x00000006   PAD
    0x08002040   0x08002040   0x0000055c   Code   RO           74    .text.MLX90640_CalculateTo  mlx90640_api.o
    0x0800259c   0x0800259c   0x00000004   PAD
    0x080025a0   0x080025a0   0x000002e0   Code   RO           30    .text.MLX90640_ExtractParameters  mlx90640_api.o
    0x08002880   0x08002880   0x0000010c   Code   RO           78    .text.MLX90640_GetTa  mlx90640_api.o
    0x0800298c   0x0800298c   0x00000004   PAD
    0x08002990   0x08002990   0x00000078   Code   RO            4    .text.MLX90640_I2CRead  mlx90640_i2c_driver.o
    0x08002a08   0x08002a08   0x0000003a   Code   RO           64    .text.MLX90640_SetRefreshRate  mlx90640_api.o
    0x08002a42   0x08002a42   0x00000006   PAD
    0x08002a48   0x08002a48   0x0000007c   Code   RO          144    .text.MX_USART1_UART_Init  usart.o
    0x08002ac4   0x08002ac4   0x00000004   PAD
    0x08002ac8   0x08002ac8   0x00000002   Code   RO          178    .text.PendSV_Handler  stm32h7xx_it.o
    0x08002aca   0x08002aca   0x00000006   PAD
    0x08002ad0   0x08002ad0   0x00000122   Code   RO          457    .text.RCCEx_PLL3_Config  stm32h7xx_hal_rcc_ex.o
    0x08002bf2   0x08002bf2   0x00000006   PAD
    0x08002bf8   0x08002bf8   0x00000002   Code   RO          174    .text.SVC_Handler   stm32h7xx_it.o
    0x08002bfa   0x08002bfa   0x00000006   PAD
    0x08002c00   0x08002c00   0x00000004   Code   RO          180    .text.SysTick_Handler  stm32h7xx_it.o
    0x08002c04   0x08002c04   0x00000004   PAD
    0x08002c08   0x08002c08   0x000000e0   Code   RO         1022    .text.UART_AdvFeatureConfig  stm32h7xx_hal_uart.o
    0x08002ce8   0x08002ce8   0x000000fa   Code   RO         1038    .text.UART_WaitOnFlagUntilTimeout  stm32h7xx_hal_uart.o
    0x08002de2   0x08002de2   0x00000006   PAD
    0x08002de8   0x08002de8   0x0000016c   Code   RO           46    .text._Z19ExtractCPParametersPtP14paramsMLX90640  mlx90640_api.o
    0x08002f54   0x08002f54   0x00000004   PAD
    0x08002f58   0x08002f58   0x00000a14   Code   RO           48    .text._Z22ExtractAlphaParametersPtP14paramsMLX90640  mlx90640_api.o
    0x0800396c   0x0800396c   0x00000004   PAD
    0x08003970   0x08003970   0x00000286   Code   RO           58    .text._Z22ExtractDeviatingPixelsPtP14paramsMLX90640  mlx90640_api.o
    0x08003bf6   0x08003bf6   0x00000002   PAD
    0x08003bf8   0x08003bf8   0x00000002   Code   RO          150    .text._sys_exit     usart.o
    0x08003bfa   0x08003bfa   0x00000006   PAD
    0x08003c00   0x08003c00   0x00000020   Code   RO          152    .text.fputc         usart.o
    0x08003c20   0x08003c20   0x0000003e   Code   RO         1329    CL$$btod_d2e        c_w.l(btod.o)
    0x08003c5e   0x08003c5e   0x00000046   Code   RO         1331    CL$$btod_d2e_denorm_low  c_w.l(btod.o)
    0x08003ca4   0x08003ca4   0x00000060   Code   RO         1330    CL$$btod_d2e_norm_op1  c_w.l(btod.o)
    0x08003d04   0x08003d04   0x0000002a   Code   RO         1333    CL$$btod_ediv       c_w.l(btod.o)
    0x08003d2e   0x08003d2e   0x00000002   PAD
    0x08003d30   0x08003d30   0x00000018   Code   RO         1285    i.__mathlib_dbl_underflow  m_wv.l(dunder.o)
    0x08003d48   0x08003d48   0x0000000e   Code   RO         1227    i._is_digit         c_w.l(__printf_wp.o)
    0x08003d56   0x08003d56   0x00000002   PAD
    0x08003d58   0x08003d58   0x0000002c   Code   RO         1358    locale$$code        c_w.l(lc_numeric_c.o)
    0x08003d84   0x08003d84   0x00000010   Code   RO         1360    x$fpl$dcheck1       fz_wv.l(dcheck1.o)
    0x08003d94   0x08003d94   0x0000001a   Code   RO         1450    x$fpl$fpinit        fz_wv.l(fpinit.o)
    0x08003dae   0x08003dae   0x00000004   Code   RO         1248    x$fpl$printf1       fz_wv.l(printf1.o)
    0x08003db2   0x08003db2   0x00000064   Code   RO         1436    x$fpl$retnan        fz_wv.l(retnan.o)
    0x08003e16   0x08003e16   0x00000030   Code   RO         1452    x$fpl$trapveneer    fz_wv.l(trapv.o)
    0x08003e46   0x08003e46   0x00000000   Code   RO         1278    x$fpl$usenofp       fz_wv.l(usenofp.o)
    0x08003e46   0x08003e46   0x00000002   PAD
    0x08003e48   0x08003e48   0x00000094   Data   RO         1327    .constdata          c_w.l(bigflt0.o)
    0x08003edc   0x08003edc   0x00000006   Data   RO         1145    .rodata..Lswitch.table.UART_SetConfig.5  stm32h7xx_hal_uart.o
    0x08003ee2   0x08003ee2   0x00000010   Data   RO         1179    .rodata.cst8        stm32h7xx_hal_uart_ex.o
    0x08003ef2   0x08003ef2   0x00000002   PAD
    0x08003ef4   0x08003ef4   0x00000020   Data   RO         1522    Region$$Table       anon$$obj.o


    Execution Region RW_IRAM2 (Exec base: 0x24000000, Load base: 0x08003f18, Size: 0x000020b8, Max: 0x00080000, ABSOLUTE)

    Exec Addr    Load Addr    Size         Type   Attr      Idx    E Section Name        Object

    0x24000000   0x08003f18   0x00000008   Data   RW          979    .data..L_MergedGlobals  stm32h7xx_hal.o
    0x24000008   0x08003f20   0x00000008   Data   RW         1193    .data..L_MergedGlobals  system_stm32h7xx.o
    0x24000010   0x08003f28   0x00000004   Data   RW          106    .data.emissivity    main.o
    0x24000014   0x08003f2c   0x00000004   PAD
    0x24000018        -       0x00000060   Zero   RW         1367    .bss                c_w.l(libspace.o)
    0x24000078        -       0x00000002   Zero   RW            8    .bss._ZZ17MLX90640_I2CWriteE9dataCheck  mlx90640_i2c_driver.o
    0x2400007a   0x08003f2c   0x00000002   PAD
    0x2400007c        -       0x00000054   Zero   RW          155    .bss.__stdout       usart.o
    0x240000d0        -       0x00000680   Zero   RW          107    .bss.eeMLX90640     main.o
    0x24000750        -       0x00000684   Zero   RW          109    .bss.frame          main.o
    0x24000dd4        -       0x0000004c   Zero   RW          135    .bss.hi2c4          i2c.o
    0x24000e20        -       0x0000008c   Zero   RW          154    .bss.huart1         usart.o
    0x24000eac        -       0x00000c00   Zero   RW          111    .bss.mlx90640To     main.o
    0x24001aac        -       0x00000004   Zero   RW          108    .bss.status         main.o
    0x24001ab0        -       0x00000004   Zero   RW          978    .bss.uwTick         stm32h7xx_hal.o
    0x24001ab4   0x08003f2c   0x00000004   PAD
    0x24001ab8        -       0x00000200   Zero   RW           17    HEAP                startup_stm32h743xx.o
    0x24001cb8        -       0x00000400   Zero   RW           16    STACK               startup_stm32h743xx.o



  Load Region LR_IROM2 (Base: 0x08100000, Size: 0x00003e60, Max: 0x00100000, ABSOLUTE)

    Execution Region ER_IROM2 (Exec base: 0x08100000, Load base: 0x08100000, Size: 0x00003e60, Max: 0x00100000, ABSOLUTE)

    Exec Addr    Load Addr    Size         Type   Attr      Idx    E Section Name        Object

    0x08100000   0x08100000   0x00000002   Code   RO         1487    .ARM.Collect$$libshutdown$$00000000  c_w.l(libshutdown.o)
    0x08100002   0x08100002   0x00000000   Code   RO         1506    .ARM.Collect$$libshutdown$$00000002  c_w.l(libshutdown2.o)
    0x08100002   0x08100002   0x00000000   Code   RO         1508    .ARM.Collect$$libshutdown$$00000004  c_w.l(libshutdown2.o)
    0x08100002   0x08100002   0x00000000   Code   RO         1511    .ARM.Collect$$libshutdown$$00000007  c_w.l(libshutdown2.o)
    0x08100002   0x08100002   0x00000000   Code   RO         1514    .ARM.Collect$$libshutdown$$0000000A  c_w.l(libshutdown2.o)
    0x08100002   0x08100002   0x00000000   Code   RO         1516    .ARM.Collect$$libshutdown$$0000000C  c_w.l(libshutdown2.o)
    0x08100002   0x08100002   0x00000000   Code   RO         1519    .ARM.Collect$$libshutdown$$0000000F  c_w.l(libshutdown2.o)
    0x08100002   0x08100002   0x00000002   Code   RO         1520    .ARM.Collect$$libshutdown$$00000010  c_w.l(libshutdown2.o)
    0x08100004   0x08100004   0x00000000   Code   RO         1260    .ARM.Collect$$rtentry$$00000000  c_w.l(__rtentry.o)
    0x08100004   0x08100004   0x00000000   Code   RO         1294    .ARM.Collect$$rtentry$$00000002  c_w.l(__rtentry2.o)
    0x08100004   0x08100004   0x00000006   Code   RO         1306    .ARM.Collect$$rtentry$$00000004  c_w.l(__rtentry4.o)
    0x0810000a   0x0810000a   0x00000000   Code   RO         1296    .ARM.Collect$$rtentry$$00000009  c_w.l(__rtentry2.o)
    0x0810000a   0x0810000a   0x00000004   Code   RO         1297    .ARM.Collect$$rtentry$$0000000A  c_w.l(__rtentry2.o)
    0x0810000e   0x0810000e   0x00000000   Code   RO         1299    .ARM.Collect$$rtentry$$0000000C  c_w.l(__rtentry2.o)
    0x0810000e   0x0810000e   0x00000008   Code   RO         1300    .ARM.Collect$$rtentry$$0000000D  c_w.l(__rtentry2.o)
    0x08100016   0x08100016   0x00000002   Code   RO         1438    .ARM.Collect$$rtexit$$00000000  c_w.l(rtexit.o)
    0x08100018   0x08100018   0x00000000   Code   RO         1455    .ARM.Collect$$rtexit$$00000002  c_w.l(rtexit2.o)
    0x08100018   0x08100018   0x00000004   Code   RO         1456    .ARM.Collect$$rtexit$$00000003  c_w.l(rtexit2.o)
    0x0810001c   0x0810001c   0x00000006   Code   RO         1457    .ARM.Collect$$rtexit$$00000004  c_w.l(rtexit2.o)
    0x08100022   0x08100022   0x00000002   PAD
    0x08100024   0x08100024   0x00000040   Code   RO           19    .text               startup_stm32h743xx.o
    0x08100064   0x08100064   0x00000002   Code   RO         1203    .text               c_w.l(use_no_semi_2.o)
    0x08100066   0x08100066   0x000000f0   Code   RO         1205    .text               c_w.l(lludivv7m.o)
    0x08100156   0x08100156   0x0000010e   Code   RO         1225    .text               c_w.l(__printf_wp.o)
    0x08100264   0x08100264   0x0000002c   Code   RO         1240    .text               c_w.l(puts.o)
    0x08100290   0x08100290   0x0000004e   Code   RO         1242    .text               c_w.l(rt_memclr_w.o)
    0x081002de   0x081002de   0x00000006   Code   RO         1244    .text               c_w.l(heapauxi.o)
    0x081002e4   0x081002e4   0x00000016   Code   RO         1265    .text               c_w.l(_rserrno.o)
    0x081002fa   0x081002fa   0x000000b2   Code   RO         1267    .text               c_w.l(_printf_intcommon.o)
    0x081003ac   0x081003ac   0x00000008   Code   RO         1318    .text               c_w.l(rt_errno_addr_intlibspace.o)
    0x081003b4   0x081003b4   0x00000080   Code   RO         1324    .text               c_w.l(_printf_fp_infnan.o)
    0x08100434   0x08100434   0x00000008   Code   RO         1366    .text               c_w.l(libspace.o)
    0x0810043c   0x0810043c   0x0000004a   Code   RO         1369    .text               c_w.l(sys_stackheap_outer.o)
    0x08100486   0x08100486   0x00000002   PAD
    0x08100488   0x08100488   0x0000007c   Code   RO         1381    .text               c_w.l(strcmpv7m_pel.o)
    0x08100504   0x08100504   0x00000004   PAD
    0x08100508   0x08100508   0x00000002   Code   RO          176    .text.DebugMon_Handler  stm32h7xx_it.o
    0x0810050a   0x0810050a   0x00000006   PAD
    0x08100510   0x08100510   0x00000002   Code   RO          104    .text.Error_Handler  main.o
    0x08100512   0x08100512   0x00000006   PAD
    0x08100518   0x08100518   0x0000000e   Code   RO          902    .text.HAL_GetREVID  stm32h7xx_hal.o
    0x08100526   0x08100526   0x00000002   PAD
    0x08100528   0x08100528   0x0000000c   Code   RO          886    .text.HAL_GetTick   stm32h7xx_hal.o
    0x08100534   0x08100534   0x00000004   PAD
    0x08100538   0x08100538   0x0000004a   Code   RO          397    .text.HAL_I2CEx_ConfigAnalogFilter  stm32h7xx_hal_i2c_ex.o
    0x08100582   0x08100582   0x00000006   PAD
    0x08100588   0x08100588   0x000000a2   Code   RO          245    .text.HAL_I2C_Init  stm32h7xx_hal_i2c.o
    0x0810062a   0x0810062a   0x00000006   PAD
    0x08100630   0x08100630   0x00000260   Code   RO          307    .text.HAL_I2C_Mem_Read  stm32h7xx_hal_i2c.o
    0x08100890   0x08100890   0x0000001a   Code   RO          884    .text.HAL_IncTick   stm32h7xx_hal.o
    0x081008aa   0x081008aa   0x00000006   PAD
    0x081008b0   0x081008b0   0x00000064   Code   RO          874    .text.HAL_Init      stm32h7xx_hal.o
    0x08100914   0x08100914   0x00000004   PAD
    0x08100918   0x08100918   0x00000020   Code   RO          189    .text.HAL_MspInit   stm32h7xx_hal_msp.o
    0x08100938   0x08100938   0x0000004c   Code   RO          786    .text.HAL_PWREx_ConfigSupply  stm32h7xx_hal_pwr_ex.o
    0x08100984   0x08100984   0x00000004   PAD
    0x08100988   0x08100988   0x00000026   Code   RO          469    .text.HAL_RCCEx_GetD3PCLK1Freq  stm32h7xx_hal_rcc_ex.o
    0x081009ae   0x081009ae   0x00000002   PAD
    0x081009b0   0x081009b0   0x0000012c   Code   RO          465    .text.HAL_RCCEx_GetPLL2ClockFreq  stm32h7xx_hal_rcc_ex.o
    0x08100adc   0x08100adc   0x00000004   PAD
    0x08100ae0   0x08100ae0   0x00000c3e   Code   RO          453    .text.HAL_RCCEx_PeriphCLKConfig  stm32h7xx_hal_rcc_ex.o
    0x0810171e   0x0810171e   0x00000002   PAD
    0x08101720   0x08101720   0x00000060   Code   RO          435    .text.HAL_RCC_GetPCLK2Freq  stm32h7xx_hal_rcc.o
    0x08101780   0x08101780   0x00000118   Code   RO          423    .text.HAL_RCC_GetSysClockFreq  stm32h7xx_hal_rcc.o
    0x08101898   0x08101898   0x0000002e   Code   RO          209    .text.HAL_SYSTICK_Config  stm32h7xx_hal_cortex.o
    0x081018c6   0x081018c6   0x00000002   PAD
    0x081018c8   0x081018c8   0x00000036   Code   RO         1173    .text.HAL_UARTEx_DisableFifoMode  stm32h7xx_hal_uart_ex.o
    0x081018fe   0x081018fe   0x00000002   PAD
    0x08101900   0x08101900   0x00000090   Code   RO         1177    .text.HAL_UARTEx_SetRxFifoThreshold  stm32h7xx_hal_uart_ex.o
    0x08101990   0x08101990   0x00000062   Code   RO         1016    .text.HAL_UART_Init  stm32h7xx_hal_uart.o
    0x081019f2   0x081019f2   0x00000006   PAD
    0x081019f8   0x081019f8   0x00000068   Code   RO          146    .text.HAL_UART_MspInit  usart.o
    0x08101a60   0x08101a60   0x0000000e   Code   RO           26    .text.MLX90640_DumpEE  mlx90640_api.o
    0x08101a6e   0x08101a6e   0x00000002   PAD
    0x08101a70   0x08101a70   0x000001a0   Code   RO           28    .text.MLX90640_GetFrameData  mlx90640_api.o
    0x08101c10   0x08101c10   0x00000088   Code   RO           76    .text.MLX90640_GetVdd  mlx90640_api.o
    0x08101c98   0x08101c98   0x00000090   Code   RO            6    .text.MLX90640_I2CWrite  mlx90640_i2c_driver.o
    0x08101d28   0x08101d28   0x00000032   Code   RO           70    .text.MLX90640_SetChessMode  mlx90640_api.o
    0x08101d5a   0x08101d5a   0x00000006   PAD
    0x08101d60   0x08101d60   0x00000044   Code   RO          121    .text.MX_GPIO_Init  gpio.o
    0x08101da4   0x08101da4   0x00000004   PAD
    0x08101da8   0x08101da8   0x0000006c   Code   RO          129    .text.MX_I2C4_Init  i2c.o
    0x08101e14   0x08101e14   0x00000004   PAD
    0x08101e18   0x08101e18   0x00000002   Code   RO          168    .text.MemManage_Handler  stm32h7xx_it.o
    0x08101e1a   0x08101e1a   0x00000006   PAD
    0x08101e20   0x08101e20   0x00000002   Code   RO          164    .text.NMI_Handler   stm32h7xx_it.o
    0x08101e22   0x08101e22   0x00000006   PAD
    0x08101e28   0x08101e28   0x00000122   Code   RO          455    .text.RCCEx_PLL2_Config  stm32h7xx_hal_rcc_ex.o
    0x08101f4a   0x08101f4a   0x00000006   PAD
    0x08101f50   0x08101f50   0x000000dc   Code   RO          102    .text.SystemClock_Config  main.o
    0x0810202c   0x0810202c   0x00000004   PAD
    0x08102030   0x08102030   0x000000da   Code   RO         1188    .text.SystemInit    system_stm32h7xx.o
    0x0810210a   0x0810210a   0x00000006   PAD
    0x08102110   0x08102110   0x000000ee   Code   RO         1024    .text.UART_CheckIdleState  stm32h7xx_hal_uart.o
    0x081021fe   0x081021fe   0x00000002   PAD
    0x08102200   0x08102200   0x0000047c   Code   RO         1020    .text.UART_SetConfig  stm32h7xx_hal_uart.o
    0x0810267c   0x0810267c   0x00000004   PAD
    0x08102680   0x08102680   0x00000002   Code   RO          172    .text.UsageFault_Handler  stm32h7xx_it.o
    0x08102682   0x08102682   0x00000006   PAD
    0x08102688   0x08102688   0x00000836   Code   RO           50    .text._Z23ExtractOffsetParametersPtP14paramsMLX90640  mlx90640_api.o
    0x08102ebe   0x08102ebe   0x00000002   PAD
    0x08102ec0   0x08102ec0   0x0000026c   Code   RO           54    .text._Z24ExtractKvPixelParametersPtP14paramsMLX90640  mlx90640_api.o
    0x0810312c   0x0810312c   0x00000004   PAD
    0x08103130   0x08103130   0x00000288   Code   RO           52    .text._Z25ExtractKtaPixelParametersPtP14paramsMLX90640  mlx90640_api.o
    0x081033b8   0x081033b8   0x00000210   Code   RO          100    .text.main          main.o
    0x081035c8   0x081035c8   0x00000338   Code   RO         1339    CL$$btod_div_common  c_w.l(btod.o)
    0x08103900   0x08103900   0x000000dc   Code   RO         1336    CL$$btod_e2e        c_w.l(btod.o)
    0x081039dc   0x081039dc   0x0000002a   Code   RO         1332    CL$$btod_emul       c_w.l(btod.o)
    0x08103a06   0x08103a06   0x00000244   Code   RO         1338    CL$$btod_mult_common  c_w.l(btod.o)
    0x08103c4a   0x08103c4a   0x00000002   PAD
    0x08103c4c   0x08103c4c   0x00000004   Ven    RO         1531    Veneer$$Code        anon$$obj.o
    0x08103c50   0x08103c50   0x00000030   Code   RO         1364    i.__ARM_fpclassify  m_wv.l(fpclassify.o)
    0x08103c80   0x08103c80   0x000000b0   Code   RO         1250    i.__hardfp_ldexp    m_wv.l(ldexp.o)
    0x08103d30   0x08103d30   0x00000018   Code   RO         1283    i.__mathlib_dbl_overflow  m_wv.l(dunder.o)
    0x08103d48   0x08103d48   0x0000005c   Code   RO         1276    x$fpl$scalbn        fz_wv.l(scalbn.o)
    0x08103da4   0x08103da4   0x00000006   Data   RO         1146    .rodata..Lswitch.table.UART_SetConfig.7  stm32h7xx_hal_uart.o
    0x08103daa   0x08103daa   0x00000010   Data   RO         1192    .rodata.D1CorePrescTable  system_stm32h7xx.o
    0x08103dba   0x08103dba   0x00000018   Data   RO         1144    .rodata.UARTPrescTable  stm32h7xx_hal_uart.o
    0x08103dd2   0x08103dd2   0x0000006f   Data   RO          110    .rodata.str1.1      main.o
    0x08103e41   0x08103e41   0x00000003   PAD
    0x08103e44   0x08103e44   0x0000001c   Data   RO         1357    locale$$data        c_w.l(lc_numeric_c.o)


==============================================================================

Image component sizes


      Code (inc. data)   RO Data    RW Data    ZI Data      Debug   Object Name

        68          0          0          0          0       2222   gpio.o
       212          0          0          0         76       6648   i2c.o
       750        148        111          4       6408       6402   main.o
     10604        166          0          0          0      56255   mlx90640_api.o
       264          0          0          0          2      17277   mlx90640_i2c_driver.o
        64         26        664          0       1536        820   startup_stm32h743xx.o
       228          0          0          8          4      15374   stm32h7xx_hal.o
       168          0          0          0          0      12195   stm32h7xx_hal_cortex.o
       450          0          0          0          0       6921   stm32h7xx_hal_gpio.o
      2138          0          0          0          0      56427   stm32h7xx_hal_i2c.o
       192          0          0          0          0       7558   stm32h7xx_hal_i2c_ex.o
        32          0          0          0          0       2196   stm32h7xx_hal_msp.o
        76          0          0          0          0      10419   stm32h7xx_hal_pwr_ex.o
      2440         16          0          0          0      11593   stm32h7xx_hal_rcc.o
      4352        172          0          0          0      19068   stm32h7xx_hal_rcc_ex.o
      2176        332         36          0          0      27392   stm32h7xx_hal_uart.o
       342          0         16          0          0       8693   stm32h7xx_hal_uart_ex.o
        20          0          0          0          0       1118   stm32h7xx_it.o
       218          0         16          8          0       5872   system_stm32h7xx.o
       262          0          0          0        224       7107   usart.o

    ----------------------------------------------------------------------
     25308        888        880         20       8260     281557   Object Totals
         4          0         32          0          0          0   (incl. Generated)
       248         28          5          0         10          0   (incl. Padding)

    ----------------------------------------------------------------------

      Code (inc. data)   RO Data    RW Data    ZI Data      Debug   Library Member Name

         8          0          0          0          0         68   __main.o
       284          0          0          0          0        156   __printf_wp.o
         0          0          0          0          0          0   __rtentry.o
        12          0          0          0          0          0   __rtentry2.o
         6          0          0          0          0          0   __rtentry4.o
        94          8          0          0          0          0   __scatter.o
        26          0          0          0          0          0   __scatter_copy.o
        28          0          0          0          0          0   __scatter_zi.o
        48          6          0          0          0         96   _printf_char_common.o
        36          4          0          0          0         80   _printf_char_file.o
         6          0          0          0          0          0   _printf_d.o
       120         16          0          0          0         92   _printf_dec.o
         6          0          0          0          0          0   _printf_f.o
      1052          0          0          0          0        148   _printf_fp_dec.o
       128         16          0          0          0         84   _printf_fp_infnan.o
       178          0          0          0          0         88   _printf_intcommon.o
        78          0          0          0          0        108   _printf_pad.o
         0          0          0          0          0          0   _printf_percent.o
         4          0          0          0          0          0   _printf_percent_end.o
        22          0          0          0          0        100   _rserrno.o
       228          4        148          0          0         96   bigflt0.o
      1936        128          0          0          0        668   btod.o
        18          0          0          0          0         80   exit.o
         8          0          0          0          0         68   ferror.o
         6          0          0          0          0        152   heapauxi.o
        44         10         28          0          0         76   lc_numeric_c.o
         2          0          0          0          0          0   libinit.o
        22          0          0          0          0          0   libinit2.o
         2          0          0          0          0          0   libshutdown.o
         2          0          0          0          0          0   libshutdown2.o
         8          4          0          0         96         68   libspace.o
       138          0          0          0          0         80   lludiv10.o
       240          0          0          0          0        100   lludivv7m.o
        24          4          0          0          0         84   noretval__2printf.o
        44          4          0          0          0         84   puts.o
         8          4          0          0          0         68   rt_errno_addr_intlibspace.o
         8          4          0          0          0         68   rt_locale_intlibspace.o
        78          0          0          0          0         80   rt_memclr_w.o
         2          0          0          0          0          0   rtexit.o
        10          0          0          0          0          0   rtexit2.o
       124          0          0          0          0         88   strcmpv7m_pel.o
        74          0          0          0          0         80   sys_stackheap_outer.o
         2          0          0          0          0         68   use_no_semi.o
         2          0          0          0          0         68   use_no_semi_2.o
        16          4          0          0          0        116   dcheck1.o
        26          0          0          0          0        116   fpinit.o
         4          0          0          0          0        116   printf1.o
       100          0          0          0          0        116   retnan.o
        92          0          0          0          0        116   scalbn.o
        48          0          0          0          0        116   trapv.o
         0          0          0          0          0          0   usenofp.o
        48         28          0          0          0        232   dunder.o
        48          0          0          0          0        124   fpclassify.o
       176          0          0          0          0        168   ldexp.o

    ----------------------------------------------------------------------
      5752        244        176          0         96       4316   Library Totals
        28          0          0          0          0          0   (incl. Padding)

    ----------------------------------------------------------------------

      Code (inc. data)   RO Data    RW Data    ZI Data      Debug   Library Name

      5166        212        176          0         96       3096   c_w.l
       286          4          0          0          0        696   fz_wv.l
       272         28          0          0          0        524   m_wv.l

    ----------------------------------------------------------------------
      5752        244        176          0         96       4316   Library Totals

    ----------------------------------------------------------------------

==============================================================================


      Code (inc. data)   RO Data    RW Data    ZI Data      Debug   

     31060       1132       1056         20       8356     283117   Grand Totals
     31060       1132       1056         20       8356     283117   ELF Image Totals
     31060       1132       1056         20          0          0   ROM Totals

==============================================================================

    Total RO  Size (Code + RO Data)                32116 (  31.36kB)
    Total RW  Size (RW Data + ZI Data)              8376 (   8.18kB)
    Total ROM Size (Code + RO Data + RW Data)      32136 (  31.38kB)

==============================================================================

