<html>
<body>
<pre>
<h1>µVision Build Log</h1>
<h2>Tool Versions:</h2>
IDE-Version: ¦ÌVision V5.39.0.0
Copyright (C) 2023 ARM Ltd and ARM Germany GmbH. All rights reserved.
License Information: HJJ HJJ, HJJ, LIC=W96CK-Z4711-YDDK5-GYNQD-X0RQA-8INDB
 
Tool Versions:
Toolchain:       MDK-ARM Professional  Version: 5.39.0.0
Toolchain Path:  C:\Keil_v5\ARM\ARMCLANG\Bin
C Compiler:      ArmClang.exe V6.21
Assembler:       Armasm.exe V6.21
Linker/Locator:  ArmLink.exe V6.21
Library Manager: ArmAr.exe V6.21
Hex Converter:   FromElf.exe V6.21
CPU DLL:         SARMCM3.DLL V5.39.0.0
Dialog DLL:      DCM.DLL V1.17.5.0
Target DLL:      UL2CM3.DLL V1.164.9.0
Dialog DLL:      TCM.DLL V1.56.4.0
 
<h2>Project:</h2>
C:\STM32H7_MLX90640\MDK-ARM\STM32H7_MLX90640.uvprojx
Project File Date:  01/19/2026

<h2>Output:</h2>
*** Using Compiler 'V6.21', folder: 'C:\Keil_v5\ARM\ARMCLANG\Bin'
Rebuild target 'STM32H7_MLX90640'
assembling startup_stm32h743xx.s...
compiling MLX90640_I2C_Driver.cpp...
compiling main.c...
compiling stm32h7xx_hal_cortex.c...
compiling i2c.c...
compiling stm32h7xx_hal_msp.c...
compiling stm32h7xx_hal_dma_ex.c...
compiling gpio.c...
compiling stm32h7xx_hal_gpio.c...
compiling stm32h7xx_it.c...
compiling stm32h7xx_hal_i2c_ex.c...
compiling stm32h7xx_hal_pwr.c...
compiling usart.c...
compiling stm32h7xx_hal_tim.c...
compiling stm32h7xx_hal_hsem.c...
compiling MLX90640_API.cpp...
compiling stm32h7xx_hal_exti.c...
compiling stm32h7xx_hal_flash_ex.c...
compiling stm32h7xx_hal.c...
compiling stm32h7xx_hal_tim_ex.c...
compiling stm32h7xx_hal_pwr_ex.c...
compiling stm32h7xx_hal_flash.c...
compiling stm32h7xx_hal_rcc.c...
compiling system_stm32h7xx.c...
compiling stm32h7xx_hal_mdma.c...
compiling stm32h7xx_hal_uart_ex.c...
compiling stm32h7xx_hal_dma.c...
compiling stm32h7xx_hal_rcc_ex.c...
compiling stm32h7xx_hal_uart.c...
compiling stm32h7xx_hal_i2c.c...
linking...
Program Size: Code=31060 RO-data=1056 RW-data=20 ZI-data=8356  
FromELF: creating hex file...
"STM32H7_MLX90640\STM32H7_MLX90640.axf" - 0 Error(s), 0 Warning(s).

<h2>Software Packages used:</h2>

Package Vendor: ARM
                https://www.keil.com/pack/ARM.CMSIS.6.1.0.pack
                ARM::CMSIS@6.1.0
                CMSIS (Common Microcontroller Software Interface Standard)
   * Component: CORE Version: 6.1.0

Package Vendor: Keil
                https://www.keil.com/pack/Keil.STM32H7xx_DFP.4.1.3.pack
                Keil::STM32H7xx_DFP@4.1.3
                STMicroelectronics STM32H7 Series Device Support

<h2>Collection of Component include folders:</h2>
  ./RTE/_STM32H7_MLX90640
  C:/Users/HJJ/AppData/Local/Arm/Packs/ARM/CMSIS/6.1.0/CMSIS/Core/Include

<h2>Collection of Component Files used:</h2>

   * Component: ARM::CMSIS:CORE@6.1.0
Build Time Elapsed:  00:00:01
</pre>
</body>
</html>
